Archive member included to satisfy reference by file (symbol)

./libopencm3//lib/libopencm3_stm32f1.a(gpio.o)
                              ins.o (gpio_set_mode)
./libopencm3//lib/libopencm3_stm32f1.a(rcc.o)
                              ins.o (rcc_clock_setup_in_hse_8mhz_out_72mhz)
./libopencm3//lib/libopencm3_stm32f1.a(gpio_common_all.o)
                              ins.o (gpio_set)
./libopencm3//lib/libopencm3_stm32f1.a(i2c_common_all.o)
                              ins.o (i2c_peripheral_enable)
./libopencm3//lib/libopencm3_stm32f1.a(timer_common_all.o)
                              ins.o (timer_enable_irq)
./libopencm3//lib/libopencm3_stm32f1.a(usart_common_all.o)
                              ins.o (usart_set_baudrate)
./libopencm3//lib/libopencm3_stm32f1.a(usart_common_f124.o)
                              ins.o (usart_send)
./libopencm3//lib/libopencm3_stm32f1.a(rcc_common_all.o)
                              ins.o (rcc_periph_clock_enable)
./libopencm3//lib/libopencm3_stm32f1.a(flash_common_f01.o)
                              ./libopencm3//lib/libopencm3_stm32f1.a(rcc.o) (flash_set_ws)
./libopencm3//lib/libopencm3_stm32f1.a(vector.o)
                              (reset_handler)
./libopencm3//lib/libopencm3_stm32f1.a(nvic.o)
                              ins.o (nvic_enable_irq)
./libopencm3//lib/libopencm3_stm32f1.a(assert.o)
                              ./libopencm3//lib/libopencm3_stm32f1.a(rcc.o) (cm3_assert_failed)
./libopencm3//lib/libopencm3_stm32f1.a(flash.o)
                              ./libopencm3//lib/libopencm3_stm32f1.a(flash_common_f01.o) (flash_get_status_flags)

Discarded input sections

 .text          0x0000000000000000        0x0 ins.o
 .data          0x0000000000000000        0x0 ins.o
 .bss           0x0000000000000000        0x0 ins.o
 .text.usart_send_first
                0x0000000000000000       0x20 ins.o
 .text.usart_send_second
                0x0000000000000000       0x1c ins.o
 .text.i2c1_write
                0x0000000000000000       0x2c ins.o
 .text          0x0000000000000000        0x0 ./libopencm3//lib/libopencm3_stm32f1.a(gpio.o)
 .data          0x0000000000000000        0x0 ./libopencm3//lib/libopencm3_stm32f1.a(gpio.o)
 .bss           0x0000000000000000        0x0 ./libopencm3//lib/libopencm3_stm32f1.a(gpio.o)
 .text.gpio_set_eventout
                0x0000000000000000       0x14 ./libopencm3//lib/libopencm3_stm32f1.a(gpio.o)
 .text.gpio_primary_remap
                0x0000000000000000       0x18 ./libopencm3//lib/libopencm3_stm32f1.a(gpio.o)
 .text.gpio_secondary_remap
                0x0000000000000000       0x10 ./libopencm3//lib/libopencm3_stm32f1.a(gpio.o)
 .text          0x0000000000000000        0x0 ./libopencm3//lib/libopencm3_stm32f1.a(rcc.o)
 .data          0x0000000000000000        0x0 ./libopencm3//lib/libopencm3_stm32f1.a(rcc.o)
 .bss           0x0000000000000000        0x0 ./libopencm3//lib/libopencm3_stm32f1.a(rcc.o)
 .text.rcc_osc_ready_int_clear
                0x0000000000000000       0x60 ./libopencm3//lib/libopencm3_stm32f1.a(rcc.o)
 .text.rcc_osc_ready_int_enable
                0x0000000000000000       0x60 ./libopencm3//lib/libopencm3_stm32f1.a(rcc.o)
 .text.rcc_osc_ready_int_disable
                0x0000000000000000       0x60 ./libopencm3//lib/libopencm3_stm32f1.a(rcc.o)
 .text.rcc_osc_ready_int_flag
                0x0000000000000000       0x54 ./libopencm3//lib/libopencm3_stm32f1.a(rcc.o)
 .text.rcc_css_int_clear
                0x0000000000000000       0x10 ./libopencm3//lib/libopencm3_stm32f1.a(rcc.o)
 .text.rcc_css_int_flag
                0x0000000000000000       0x10 ./libopencm3//lib/libopencm3_stm32f1.a(rcc.o)
 .text.rcc_osc_off
                0x0000000000000000       0x60 ./libopencm3//lib/libopencm3_stm32f1.a(rcc.o)
 .text.rcc_css_enable
                0x0000000000000000       0x10 ./libopencm3//lib/libopencm3_stm32f1.a(rcc.o)
 .text.rcc_css_disable
                0x0000000000000000       0x10 ./libopencm3//lib/libopencm3_stm32f1.a(rcc.o)
 .text.rcc_osc_bypass_enable
                0x0000000000000000       0x2c ./libopencm3//lib/libopencm3_stm32f1.a(rcc.o)
 .text.rcc_osc_bypass_disable
                0x0000000000000000       0x2c ./libopencm3//lib/libopencm3_stm32f1.a(rcc.o)
 .text.rcc_set_pll2_multiplication_factor
                0x0000000000000000       0x14 ./libopencm3//lib/libopencm3_stm32f1.a(rcc.o)
 .text.rcc_set_pll3_multiplication_factor
                0x0000000000000000       0x14 ./libopencm3//lib/libopencm3_stm32f1.a(rcc.o)
 .text.rcc_rtc_clock_enabled_flag
                0x0000000000000000       0x10 ./libopencm3//lib/libopencm3_stm32f1.a(rcc.o)
 .text.rcc_enable_rtc_clock
                0x0000000000000000       0x10 ./libopencm3//lib/libopencm3_stm32f1.a(rcc.o)
 .text.rcc_set_rtc_clock_source
                0x0000000000000000       0x9c ./libopencm3//lib/libopencm3_stm32f1.a(rcc.o)
 .text.rcc_set_ppre2
                0x0000000000000000       0x14 ./libopencm3//lib/libopencm3_stm32f1.a(rcc.o)
 .text.rcc_set_hpre
                0x0000000000000000       0x14 ./libopencm3//lib/libopencm3_stm32f1.a(rcc.o)
 .text.rcc_set_usbpre
                0x0000000000000000       0x1c ./libopencm3//lib/libopencm3_stm32f1.a(rcc.o)
 .text.rcc_set_prediv1
                0x0000000000000000       0x14 ./libopencm3//lib/libopencm3_stm32f1.a(rcc.o)
 .text.rcc_set_prediv2
                0x0000000000000000       0x14 ./libopencm3//lib/libopencm3_stm32f1.a(rcc.o)
 .text.rcc_set_prediv1_source
                0x0000000000000000       0x1c ./libopencm3//lib/libopencm3_stm32f1.a(rcc.o)
 .text.rcc_system_clock_source
                0x0000000000000000       0x10 ./libopencm3//lib/libopencm3_stm32f1.a(rcc.o)
 .text.rcc_clock_setup_in_hsi_out_64mhz
                0x0000000000000000       0x74 ./libopencm3//lib/libopencm3_stm32f1.a(rcc.o)
 .text.rcc_clock_setup_in_hsi_out_48mhz
                0x0000000000000000       0x78 ./libopencm3//lib/libopencm3_stm32f1.a(rcc.o)
 .text.rcc_clock_setup_in_hsi_out_24mhz
                0x0000000000000000       0x6c ./libopencm3//lib/libopencm3_stm32f1.a(rcc.o)
 .text.rcc_clock_setup_in_hse_8mhz_out_24mhz
                0x0000000000000000       0x84 ./libopencm3//lib/libopencm3_stm32f1.a(rcc.o)
 .text.rcc_clock_setup_in_hse_12mhz_out_72mhz
                0x0000000000000000       0x8c ./libopencm3//lib/libopencm3_stm32f1.a(rcc.o)
 .text.rcc_clock_setup_in_hse_16mhz_out_72mhz
                0x0000000000000000       0x8c ./libopencm3//lib/libopencm3_stm32f1.a(rcc.o)
 .text.rcc_clock_setup_in_hse_25mhz_out_72mhz
                0x0000000000000000       0xa4 ./libopencm3//lib/libopencm3_stm32f1.a(rcc.o)
 .text.rcc_backupdomain_reset
                0x0000000000000000       0x18 ./libopencm3//lib/libopencm3_stm32f1.a(rcc.o)
 .text          0x0000000000000000        0x0 ./libopencm3//lib/libopencm3_stm32f1.a(gpio_common_all.o)
 .data          0x0000000000000000        0x0 ./libopencm3//lib/libopencm3_stm32f1.a(gpio_common_all.o)
 .bss           0x0000000000000000        0x0 ./libopencm3//lib/libopencm3_stm32f1.a(gpio_common_all.o)
 .text.gpio_port_read
                0x0000000000000000        0x6 ./libopencm3//lib/libopencm3_stm32f1.a(gpio_common_all.o)
 .text.gpio_get
                0x0000000000000000        0xc ./libopencm3//lib/libopencm3_stm32f1.a(gpio_common_all.o)
 .text.gpio_port_write
                0x0000000000000000        0x4 ./libopencm3//lib/libopencm3_stm32f1.a(gpio_common_all.o)
 .text.gpio_port_config_lock
                0x0000000000000000       0x10 ./libopencm3//lib/libopencm3_stm32f1.a(gpio_common_all.o)
 .text          0x0000000000000000        0x0 ./libopencm3//lib/libopencm3_stm32f1.a(i2c_common_all.o)
 .data          0x0000000000000000        0x0 ./libopencm3//lib/libopencm3_stm32f1.a(i2c_common_all.o)
 .bss           0x0000000000000000        0x0 ./libopencm3//lib/libopencm3_stm32f1.a(i2c_common_all.o)
 .text.i2c_reset
                0x0000000000000000       0x28 ./libopencm3//lib/libopencm3_stm32f1.a(i2c_common_all.o)
 .text.i2c_clear_stop
                0x0000000000000000        0xa ./libopencm3//lib/libopencm3_stm32f1.a(i2c_common_all.o)
 .text.i2c_set_own_7bit_slave_address
                0x0000000000000000        0xa ./libopencm3//lib/libopencm3_stm32f1.a(i2c_common_all.o)
 .text.i2c_set_own_10bit_slave_address
                0x0000000000000000        0x8 ./libopencm3//lib/libopencm3_stm32f1.a(i2c_common_all.o)
 .text.i2c_set_own_7bit_slave_address_two
                0x0000000000000000        0x6 ./libopencm3//lib/libopencm3_stm32f1.a(i2c_common_all.o)
 .text.i2c_enable_dual_addressing_mode
                0x0000000000000000        0xa ./libopencm3//lib/libopencm3_stm32f1.a(i2c_common_all.o)
 .text.i2c_disable_dual_addressing_mode
                0x0000000000000000        0xa ./libopencm3//lib/libopencm3_stm32f1.a(i2c_common_all.o)
 .text.i2c_set_fast_mode
                0x0000000000000000        0xa ./libopencm3//lib/libopencm3_stm32f1.a(i2c_common_all.o)
 .text.i2c_send_7bit_address
                0x0000000000000000        0xa ./libopencm3//lib/libopencm3_stm32f1.a(i2c_common_all.o)
 .text.i2c_disable_interrupt
                0x0000000000000000        0xa ./libopencm3//lib/libopencm3_stm32f1.a(i2c_common_all.o)
 .text.i2c_disable_ack
                0x0000000000000000        0xa ./libopencm3//lib/libopencm3_stm32f1.a(i2c_common_all.o)
 .text.i2c_nack_next
                0x0000000000000000        0xa ./libopencm3//lib/libopencm3_stm32f1.a(i2c_common_all.o)
 .text.i2c_set_dutycycle
                0x0000000000000000       0x14 ./libopencm3//lib/libopencm3_stm32f1.a(i2c_common_all.o)
 .text.i2c_enable_dma
                0x0000000000000000        0xa ./libopencm3//lib/libopencm3_stm32f1.a(i2c_common_all.o)
 .text.i2c_disable_dma
                0x0000000000000000        0xa ./libopencm3//lib/libopencm3_stm32f1.a(i2c_common_all.o)
 .text.i2c_set_dma_last_transfer
                0x0000000000000000        0xa ./libopencm3//lib/libopencm3_stm32f1.a(i2c_common_all.o)
 .text.i2c_clear_dma_last_transfer
                0x0000000000000000        0xa ./libopencm3//lib/libopencm3_stm32f1.a(i2c_common_all.o)
 .text          0x0000000000000000        0x0 ./libopencm3//lib/libopencm3_stm32f1.a(timer_common_all.o)
 .data          0x0000000000000000        0x0 ./libopencm3//lib/libopencm3_stm32f1.a(timer_common_all.o)
 .bss           0x0000000000000000        0x0 ./libopencm3//lib/libopencm3_stm32f1.a(timer_common_all.o)
 .text.timer_reset
                0x0000000000000000       0x8c ./libopencm3//lib/libopencm3_stm32f1.a(timer_common_all.o)
 .text.timer_disable_irq
                0x0000000000000000        0xa ./libopencm3//lib/libopencm3_stm32f1.a(timer_common_all.o)
 .text.timer_interrupt_source
                0x0000000000000000       0x44 ./libopencm3//lib/libopencm3_stm32f1.a(timer_common_all.o)
 .text.timer_get_flag
                0x0000000000000000        0xc ./libopencm3//lib/libopencm3_stm32f1.a(timer_common_all.o)
 .text.timer_set_clock_division
                0x0000000000000000       0x14 ./libopencm3//lib/libopencm3_stm32f1.a(timer_common_all.o)
 .text.timer_enable_preload
                0x0000000000000000        0xa ./libopencm3//lib/libopencm3_stm32f1.a(timer_common_all.o)
 .text.timer_set_alignment
                0x0000000000000000       0x14 ./libopencm3//lib/libopencm3_stm32f1.a(timer_common_all.o)
 .text.timer_direction_up
                0x0000000000000000        0xa ./libopencm3//lib/libopencm3_stm32f1.a(timer_common_all.o)
 .text.timer_direction_down
                0x0000000000000000        0xa ./libopencm3//lib/libopencm3_stm32f1.a(timer_common_all.o)
 .text.timer_one_shot_mode
                0x0000000000000000        0xa ./libopencm3//lib/libopencm3_stm32f1.a(timer_common_all.o)
 .text.timer_update_on_any
                0x0000000000000000        0xa ./libopencm3//lib/libopencm3_stm32f1.a(timer_common_all.o)
 .text.timer_update_on_overflow
                0x0000000000000000        0xa ./libopencm3//lib/libopencm3_stm32f1.a(timer_common_all.o)
 .text.timer_enable_update_event
                0x0000000000000000        0xa ./libopencm3//lib/libopencm3_stm32f1.a(timer_common_all.o)
 .text.timer_disable_update_event
                0x0000000000000000        0xa ./libopencm3//lib/libopencm3_stm32f1.a(timer_common_all.o)
 .text.timer_disable_counter
                0x0000000000000000        0xa ./libopencm3//lib/libopencm3_stm32f1.a(timer_common_all.o)
 .text.timer_set_output_idle_state
                0x0000000000000000       0x24 ./libopencm3//lib/libopencm3_stm32f1.a(timer_common_all.o)
 .text.timer_reset_output_idle_state
                0x0000000000000000       0x24 ./libopencm3//lib/libopencm3_stm32f1.a(timer_common_all.o)
 .text.timer_set_ti1_ch123_xor
                0x0000000000000000        0xa ./libopencm3//lib/libopencm3_stm32f1.a(timer_common_all.o)
 .text.timer_set_ti1_ch1
                0x0000000000000000        0xa ./libopencm3//lib/libopencm3_stm32f1.a(timer_common_all.o)
 .text.timer_set_master_mode
                0x0000000000000000       0x10 ./libopencm3//lib/libopencm3_stm32f1.a(timer_common_all.o)
 .text.timer_set_dma_on_compare_event
                0x0000000000000000        0xa ./libopencm3//lib/libopencm3_stm32f1.a(timer_common_all.o)
 .text.timer_set_dma_on_update_event
                0x0000000000000000        0xa ./libopencm3//lib/libopencm3_stm32f1.a(timer_common_all.o)
 .text.timer_enable_compare_control_update_on_trigger
                0x0000000000000000       0x20 ./libopencm3//lib/libopencm3_stm32f1.a(timer_common_all.o)
 .text.timer_disable_compare_control_update_on_trigger
                0x0000000000000000       0x20 ./libopencm3//lib/libopencm3_stm32f1.a(timer_common_all.o)
 .text.timer_enable_preload_complementry_enable_bits
                0x0000000000000000       0x20 ./libopencm3//lib/libopencm3_stm32f1.a(timer_common_all.o)
 .text.timer_disable_preload_complementry_enable_bits
                0x0000000000000000       0x20 ./libopencm3//lib/libopencm3_stm32f1.a(timer_common_all.o)
 .text.timer_set_repetition_counter
                0x0000000000000000       0x18 ./libopencm3//lib/libopencm3_stm32f1.a(timer_common_all.o)
 .text.timer_enable_oc_clear
                0x0000000000000000       0x36 ./libopencm3//lib/libopencm3_stm32f1.a(timer_common_all.o)
 .text.timer_disable_oc_clear
                0x0000000000000000       0x36 ./libopencm3//lib/libopencm3_stm32f1.a(timer_common_all.o)
 .text.timer_set_oc_fast_mode
                0x0000000000000000       0x36 ./libopencm3//lib/libopencm3_stm32f1.a(timer_common_all.o)
 .text.timer_set_oc_slow_mode
                0x0000000000000000       0x36 ./libopencm3//lib/libopencm3_stm32f1.a(timer_common_all.o)
 .text.timer_set_oc_mode
                0x0000000000000000      0x19a ./libopencm3//lib/libopencm3_stm32f1.a(timer_common_all.o)
 .text.timer_disable_oc_preload
                0x0000000000000000       0x36 ./libopencm3//lib/libopencm3_stm32f1.a(timer_common_all.o)
 .text.timer_set_oc_polarity_high
                0x0000000000000000       0x6c ./libopencm3//lib/libopencm3_stm32f1.a(timer_common_all.o)
 .text.timer_set_oc_polarity_low
                0x0000000000000000       0x6c ./libopencm3//lib/libopencm3_stm32f1.a(timer_common_all.o)
 .text.timer_enable_oc_output
                0x0000000000000000       0x6c ./libopencm3//lib/libopencm3_stm32f1.a(timer_common_all.o)
 .text.timer_disable_oc_output
                0x0000000000000000       0x6c ./libopencm3//lib/libopencm3_stm32f1.a(timer_common_all.o)
 .text.timer_set_oc_idle_state_set
                0x0000000000000000       0x60 ./libopencm3//lib/libopencm3_stm32f1.a(timer_common_all.o)
 .text.timer_set_oc_idle_state_unset
                0x0000000000000000       0x60 ./libopencm3//lib/libopencm3_stm32f1.a(timer_common_all.o)
 .text.timer_enable_break_main_output
                0x0000000000000000       0x20 ./libopencm3//lib/libopencm3_stm32f1.a(timer_common_all.o)
 .text.timer_disable_break_main_output
                0x0000000000000000       0x20 ./libopencm3//lib/libopencm3_stm32f1.a(timer_common_all.o)
 .text.timer_enable_break_automatic_output
                0x0000000000000000       0x20 ./libopencm3//lib/libopencm3_stm32f1.a(timer_common_all.o)
 .text.timer_disable_break_automatic_output
                0x0000000000000000       0x20 ./libopencm3//lib/libopencm3_stm32f1.a(timer_common_all.o)
 .text.timer_set_break_polarity_high
                0x0000000000000000       0x20 ./libopencm3//lib/libopencm3_stm32f1.a(timer_common_all.o)
 .text.timer_set_break_polarity_low
                0x0000000000000000       0x20 ./libopencm3//lib/libopencm3_stm32f1.a(timer_common_all.o)
 .text.timer_enable_break
                0x0000000000000000       0x20 ./libopencm3//lib/libopencm3_stm32f1.a(timer_common_all.o)
 .text.timer_disable_break
                0x0000000000000000       0x20 ./libopencm3//lib/libopencm3_stm32f1.a(timer_common_all.o)
 .text.timer_set_enabled_off_state_in_run_mode
                0x0000000000000000       0x20 ./libopencm3//lib/libopencm3_stm32f1.a(timer_common_all.o)
 .text.timer_set_disabled_off_state_in_run_mode
                0x0000000000000000       0x20 ./libopencm3//lib/libopencm3_stm32f1.a(timer_common_all.o)
 .text.timer_set_enabled_off_state_in_idle_mode
                0x0000000000000000       0x20 ./libopencm3//lib/libopencm3_stm32f1.a(timer_common_all.o)
 .text.timer_set_disabled_off_state_in_idle_mode
                0x0000000000000000       0x20 ./libopencm3//lib/libopencm3_stm32f1.a(timer_common_all.o)
 .text.timer_set_break_lock
                0x0000000000000000       0x20 ./libopencm3//lib/libopencm3_stm32f1.a(timer_common_all.o)
 .text.timer_set_deadtime
                0x0000000000000000       0x20 ./libopencm3//lib/libopencm3_stm32f1.a(timer_common_all.o)
 .text.timer_generate_event
                0x0000000000000000        0x8 ./libopencm3//lib/libopencm3_stm32f1.a(timer_common_all.o)
 .text.timer_get_counter
                0x0000000000000000        0x4 ./libopencm3//lib/libopencm3_stm32f1.a(timer_common_all.o)
 .text.timer_set_counter
                0x0000000000000000        0x4 ./libopencm3//lib/libopencm3_stm32f1.a(timer_common_all.o)
 .text.timer_ic_set_filter
                0x0000000000000000       0x52 ./libopencm3//lib/libopencm3_stm32f1.a(timer_common_all.o)
 .text.timer_ic_set_prescaler
                0x0000000000000000       0x52 ./libopencm3//lib/libopencm3_stm32f1.a(timer_common_all.o)
 .text.timer_ic_set_input
                0x0000000000000000       0x66 ./libopencm3//lib/libopencm3_stm32f1.a(timer_common_all.o)
 .text.timer_ic_enable
                0x0000000000000000       0x12 ./libopencm3//lib/libopencm3_stm32f1.a(timer_common_all.o)
 .text.timer_ic_disable
                0x0000000000000000       0x12 ./libopencm3//lib/libopencm3_stm32f1.a(timer_common_all.o)
 .text.timer_slave_set_filter
                0x0000000000000000       0x12 ./libopencm3//lib/libopencm3_stm32f1.a(timer_common_all.o)
 .text.timer_slave_set_prescaler
                0x0000000000000000       0x12 ./libopencm3//lib/libopencm3_stm32f1.a(timer_common_all.o)
 .text.timer_slave_set_polarity
                0x0000000000000000       0x14 ./libopencm3//lib/libopencm3_stm32f1.a(timer_common_all.o)
 .text.timer_slave_set_mode
                0x0000000000000000       0x10 ./libopencm3//lib/libopencm3_stm32f1.a(timer_common_all.o)
 .text.timer_slave_set_trigger
                0x0000000000000000       0x10 ./libopencm3//lib/libopencm3_stm32f1.a(timer_common_all.o)
 .text          0x0000000000000000        0x0 ./libopencm3//lib/libopencm3_stm32f1.a(usart_common_all.o)
 .data          0x0000000000000000        0x0 ./libopencm3//lib/libopencm3_stm32f1.a(usart_common_all.o)
 .bss           0x0000000000000000        0x0 ./libopencm3//lib/libopencm3_stm32f1.a(usart_common_all.o)
 .text.usart_disable
                0x0000000000000000        0xa ./libopencm3//lib/libopencm3_stm32f1.a(usart_common_all.o)
 .text.usart_recv_blocking
                0x0000000000000000       0x12 ./libopencm3//lib/libopencm3_stm32f1.a(usart_common_all.o)
 .text.usart_enable_rx_dma
                0x0000000000000000        0xa ./libopencm3//lib/libopencm3_stm32f1.a(usart_common_all.o)
 .text.usart_disable_rx_dma
                0x0000000000000000        0xa ./libopencm3//lib/libopencm3_stm32f1.a(usart_common_all.o)
 .text.usart_enable_tx_dma
                0x0000000000000000        0xa ./libopencm3//lib/libopencm3_stm32f1.a(usart_common_all.o)
 .text.usart_disable_tx_dma
                0x0000000000000000        0xa ./libopencm3//lib/libopencm3_stm32f1.a(usart_common_all.o)
 .text.usart_enable_rx_interrupt
                0x0000000000000000        0xa ./libopencm3//lib/libopencm3_stm32f1.a(usart_common_all.o)
 .text.usart_disable_rx_interrupt
                0x0000000000000000        0xa ./libopencm3//lib/libopencm3_stm32f1.a(usart_common_all.o)
 .text.usart_enable_tx_interrupt
                0x0000000000000000        0xa ./libopencm3//lib/libopencm3_stm32f1.a(usart_common_all.o)
 .text.usart_disable_tx_interrupt
                0x0000000000000000        0xa ./libopencm3//lib/libopencm3_stm32f1.a(usart_common_all.o)
 .text.usart_enable_error_interrupt
                0x0000000000000000        0xa ./libopencm3//lib/libopencm3_stm32f1.a(usart_common_all.o)
 .text.usart_disable_error_interrupt
                0x0000000000000000        0xa ./libopencm3//lib/libopencm3_stm32f1.a(usart_common_all.o)
 .text          0x0000000000000000        0x0 ./libopencm3//lib/libopencm3_stm32f1.a(usart_common_f124.o)
 .data          0x0000000000000000        0x0 ./libopencm3//lib/libopencm3_stm32f1.a(usart_common_f124.o)
 .bss           0x0000000000000000        0x0 ./libopencm3//lib/libopencm3_stm32f1.a(usart_common_f124.o)
 .text.usart_wait_recv_ready
                0x0000000000000000        0xa ./libopencm3//lib/libopencm3_stm32f1.a(usart_common_f124.o)
 .text.usart_get_flag
                0x0000000000000000        0xc ./libopencm3//lib/libopencm3_stm32f1.a(usart_common_f124.o)
 .text.usart_get_interrupt_source
                0x0000000000000000       0x2e ./libopencm3//lib/libopencm3_stm32f1.a(usart_common_f124.o)
 .text          0x0000000000000000        0x0 ./libopencm3//lib/libopencm3_stm32f1.a(rcc_common_all.o)
 .data          0x0000000000000000        0x0 ./libopencm3//lib/libopencm3_stm32f1.a(rcc_common_all.o)
 .bss           0x0000000000000000        0x0 ./libopencm3//lib/libopencm3_stm32f1.a(rcc_common_all.o)
 .text.rcc_peripheral_enable_clock
                0x0000000000000000        0xa ./libopencm3//lib/libopencm3_stm32f1.a(rcc_common_all.o)
 .text.rcc_peripheral_disable_clock
                0x0000000000000000        0xa ./libopencm3//lib/libopencm3_stm32f1.a(rcc_common_all.o)
 .text.rcc_peripheral_reset
                0x0000000000000000        0xa ./libopencm3//lib/libopencm3_stm32f1.a(rcc_common_all.o)
 .text.rcc_peripheral_clear_reset
                0x0000000000000000        0xa ./libopencm3//lib/libopencm3_stm32f1.a(rcc_common_all.o)
 .text.rcc_periph_clock_disable
                0x0000000000000000       0x1e ./libopencm3//lib/libopencm3_stm32f1.a(rcc_common_all.o)
 .text.rcc_periph_reset_hold
                0x0000000000000000       0x1e ./libopencm3//lib/libopencm3_stm32f1.a(rcc_common_all.o)
 .text.rcc_periph_reset_release
                0x0000000000000000       0x1e ./libopencm3//lib/libopencm3_stm32f1.a(rcc_common_all.o)
 .text.rcc_set_mco
                0x0000000000000000       0x14 ./libopencm3//lib/libopencm3_stm32f1.a(rcc_common_all.o)
 .text          0x0000000000000000        0x0 ./libopencm3//lib/libopencm3_stm32f1.a(flash_common_f01.o)
 .data          0x0000000000000000        0x0 ./libopencm3//lib/libopencm3_stm32f1.a(flash_common_f01.o)
 .bss           0x0000000000000000        0x0 ./libopencm3//lib/libopencm3_stm32f1.a(flash_common_f01.o)
 .text.flash_prefetch_buffer_enable
                0x0000000000000000       0x10 ./libopencm3//lib/libopencm3_stm32f1.a(flash_common_f01.o)
 .text.flash_prefetch_buffer_disable
                0x0000000000000000       0x10 ./libopencm3//lib/libopencm3_stm32f1.a(flash_common_f01.o)
 .text.flash_unlock
                0x0000000000000000       0x24 ./libopencm3//lib/libopencm3_stm32f1.a(flash_common_f01.o)
 .text.flash_lock
                0x0000000000000000       0x10 ./libopencm3//lib/libopencm3_stm32f1.a(flash_common_f01.o)
 .text.flash_clear_pgerr_flag
                0x0000000000000000       0x10 ./libopencm3//lib/libopencm3_stm32f1.a(flash_common_f01.o)
 .text.flash_clear_eop_flag
                0x0000000000000000       0x10 ./libopencm3//lib/libopencm3_stm32f1.a(flash_common_f01.o)
 .text.flash_clear_wrprterr_flag
                0x0000000000000000       0x10 ./libopencm3//lib/libopencm3_stm32f1.a(flash_common_f01.o)
 .text.flash_clear_bsy_flag
                0x0000000000000000       0x10 ./libopencm3//lib/libopencm3_stm32f1.a(flash_common_f01.o)
 .text.flash_wait_for_last_operation
                0x0000000000000000        0xe ./libopencm3//lib/libopencm3_stm32f1.a(flash_common_f01.o)
 .text.flash_program_word
                0x0000000000000000       0x18 ./libopencm3//lib/libopencm3_stm32f1.a(flash_common_f01.o)
 .text.flash_unlock_option_bytes
                0x0000000000000000       0x18 ./libopencm3//lib/libopencm3_stm32f1.a(flash_common_f01.o)
 .text.flash_erase_option_bytes
                0x0000000000000000       0x38 ./libopencm3//lib/libopencm3_stm32f1.a(flash_common_f01.o)
 .text.flash_program_option_bytes
                0x0000000000000000       0x34 ./libopencm3//lib/libopencm3_stm32f1.a(flash_common_f01.o)
 .text          0x0000000000000000        0x0 ./libopencm3//lib/libopencm3_stm32f1.a(vector.o)
 .data          0x0000000000000000        0x0 ./libopencm3//lib/libopencm3_stm32f1.a(vector.o)
 .bss           0x0000000000000000        0x0 ./libopencm3//lib/libopencm3_stm32f1.a(vector.o)
 .text          0x0000000000000000        0x0 ./libopencm3//lib/libopencm3_stm32f1.a(nvic.o)
 .data          0x0000000000000000        0x0 ./libopencm3//lib/libopencm3_stm32f1.a(nvic.o)
 .bss           0x0000000000000000        0x0 ./libopencm3//lib/libopencm3_stm32f1.a(nvic.o)
 .text.nvic_disable_irq
                0x0000000000000000       0x1c ./libopencm3//lib/libopencm3_stm32f1.a(nvic.o)
 .text.nvic_get_pending_irq
                0x0000000000000000       0x22 ./libopencm3//lib/libopencm3_stm32f1.a(nvic.o)
 .text.nvic_set_pending_irq
                0x0000000000000000       0x1a ./libopencm3//lib/libopencm3_stm32f1.a(nvic.o)
 .text.nvic_clear_pending_irq
                0x0000000000000000       0x1c ./libopencm3//lib/libopencm3_stm32f1.a(nvic.o)
 .text.nvic_get_irq_enabled
                0x0000000000000000       0x24 ./libopencm3//lib/libopencm3_stm32f1.a(nvic.o)
 .text.nvic_set_priority
                0x0000000000000000       0x20 ./libopencm3//lib/libopencm3_stm32f1.a(nvic.o)
 .text.nvic_get_active_irq
                0x0000000000000000       0x24 ./libopencm3//lib/libopencm3_stm32f1.a(nvic.o)
 .text.nvic_generate_software_interrupt
                0x0000000000000000       0x14 ./libopencm3//lib/libopencm3_stm32f1.a(nvic.o)
 .text          0x0000000000000000        0x0 ./libopencm3//lib/libopencm3_stm32f1.a(assert.o)
 .data          0x0000000000000000        0x0 ./libopencm3//lib/libopencm3_stm32f1.a(assert.o)
 .bss           0x0000000000000000        0x0 ./libopencm3//lib/libopencm3_stm32f1.a(assert.o)
 .debug_abbrev  0x0000000000000000       0x79 ./libopencm3//lib/libopencm3_stm32f1.a(assert.o)
 .debug_info    0x0000000000000000       0xe8 ./libopencm3//lib/libopencm3_stm32f1.a(assert.o)
 .debug_line    0x0000000000000000      0x15c ./libopencm3//lib/libopencm3_stm32f1.a(assert.o)
 .debug_macinfo
                0x0000000000000000     0x2fb6 ./libopencm3//lib/libopencm3_stm32f1.a(assert.o)
 .text.cm3_assert_failed
                0x0000000000000000        0x2 ./libopencm3//lib/libopencm3_stm32f1.a(assert.o)
 .text.cm3_assert_failed_verbose
                0x0000000000000000        0x6 ./libopencm3//lib/libopencm3_stm32f1.a(assert.o)
 .debug_loc     0x0000000000000000       0x20 ./libopencm3//lib/libopencm3_stm32f1.a(assert.o)
 .debug_pubnames
                0x0000000000000000       0x46 ./libopencm3//lib/libopencm3_stm32f1.a(assert.o)
 .debug_pubtypes
                0x0000000000000000       0x12 ./libopencm3//lib/libopencm3_stm32f1.a(assert.o)
 .debug_aranges
                0x0000000000000000       0x28 ./libopencm3//lib/libopencm3_stm32f1.a(assert.o)
 .debug_ranges  0x0000000000000000       0x18 ./libopencm3//lib/libopencm3_stm32f1.a(assert.o)
 .debug_str     0x0000000000000000      0x11f ./libopencm3//lib/libopencm3_stm32f1.a(assert.o)
 .comment       0x0000000000000000       0x2b ./libopencm3//lib/libopencm3_stm32f1.a(assert.o)
 .ARM.attributes
                0x0000000000000000       0x31 ./libopencm3//lib/libopencm3_stm32f1.a(assert.o)
 .debug_frame   0x0000000000000000       0x38 ./libopencm3//lib/libopencm3_stm32f1.a(assert.o)
 .text          0x0000000000000000        0x0 ./libopencm3//lib/libopencm3_stm32f1.a(flash.o)
 .data          0x0000000000000000        0x0 ./libopencm3//lib/libopencm3_stm32f1.a(flash.o)
 .bss           0x0000000000000000        0x0 ./libopencm3//lib/libopencm3_stm32f1.a(flash.o)
 .debug_abbrev  0x0000000000000000       0xee ./libopencm3//lib/libopencm3_stm32f1.a(flash.o)
 .debug_info    0x0000000000000000      0x1e4 ./libopencm3//lib/libopencm3_stm32f1.a(flash.o)
 .debug_line    0x0000000000000000      0x31c ./libopencm3//lib/libopencm3_stm32f1.a(flash.o)
 .debug_macinfo
                0x0000000000000000     0x450f ./libopencm3//lib/libopencm3_stm32f1.a(flash.o)
 .text.flash_halfcycle_enable
                0x0000000000000000       0x10 ./libopencm3//lib/libopencm3_stm32f1.a(flash.o)
 .text.flash_halfcycle_disable
                0x0000000000000000       0x10 ./libopencm3//lib/libopencm3_stm32f1.a(flash.o)
 .text.flash_unlock_upper
                0x0000000000000000       0x34 ./libopencm3//lib/libopencm3_stm32f1.a(flash.o)
 .text.flash_lock_upper
                0x0000000000000000       0x10 ./libopencm3//lib/libopencm3_stm32f1.a(flash.o)
 .text.flash_clear_pgerr_flag_upper
                0x0000000000000000       0x20 ./libopencm3//lib/libopencm3_stm32f1.a(flash.o)
 .text.flash_clear_eop_flag_upper
                0x0000000000000000       0x20 ./libopencm3//lib/libopencm3_stm32f1.a(flash.o)
 .text.flash_clear_wrprterr_flag_upper
                0x0000000000000000       0x20 ./libopencm3//lib/libopencm3_stm32f1.a(flash.o)
 .text.flash_clear_bsy_flag_upper
                0x0000000000000000       0x20 ./libopencm3//lib/libopencm3_stm32f1.a(flash.o)
 .text.flash_clear_status_flags
                0x0000000000000000       0x38 ./libopencm3//lib/libopencm3_stm32f1.a(flash.o)
 .text.flash_get_status_flags
                0x0000000000000000       0x2c ./libopencm3//lib/libopencm3_stm32f1.a(flash.o)
 .text.flash_program_half_word
                0x0000000000000000       0x64 ./libopencm3//lib/libopencm3_stm32f1.a(flash.o)
 .text.flash_erase_page
                0x0000000000000000       0x7c ./libopencm3//lib/libopencm3_stm32f1.a(flash.o)
 .text.flash_erase_all_pages
                0x0000000000000000       0x48 ./libopencm3//lib/libopencm3_stm32f1.a(flash.o)
 .debug_loc     0x0000000000000000       0xed ./libopencm3//lib/libopencm3_stm32f1.a(flash.o)
 .debug_pubnames
                0x0000000000000000      0x17b ./libopencm3//lib/libopencm3_stm32f1.a(flash.o)
 .debug_pubtypes
                0x0000000000000000       0x2c ./libopencm3//lib/libopencm3_stm32f1.a(flash.o)
 .debug_aranges
                0x0000000000000000       0x80 ./libopencm3//lib/libopencm3_stm32f1.a(flash.o)
 .debug_ranges  0x0000000000000000       0x70 ./libopencm3//lib/libopencm3_stm32f1.a(flash.o)
 .debug_str     0x0000000000000000      0x22f ./libopencm3//lib/libopencm3_stm32f1.a(flash.o)
 .comment       0x0000000000000000       0x2b ./libopencm3//lib/libopencm3_stm32f1.a(flash.o)
 .ARM.attributes
                0x0000000000000000       0x31 ./libopencm3//lib/libopencm3_stm32f1.a(flash.o)
 .debug_frame   0x0000000000000000      0x104 ./libopencm3//lib/libopencm3_stm32f1.a(flash.o)

Memory Configuration

Name             Origin             Length             Attributes
rom              0x0000000008000000 0x0000000000010000 xr
ram              0x0000000020000000 0x0000000000005000 xrw
*default*        0x0000000000000000 0xffffffffffffffff

Linker script and memory map

LOAD ins.o
LOAD ./libopencm3//lib/libopencm3_stm32f1.a
START GROUP
LOAD /usr/lib/gcc/arm-none-eabi/4.9.3/../../../arm-none-eabi/lib/armv7-m/libc.a
LOAD /usr/lib/gcc/arm-none-eabi/4.9.3/armv7-m/libgcc.a
LOAD /usr/lib/gcc/arm-none-eabi/4.9.3/../../../arm-none-eabi/lib/armv7-m/libnosys.a
END GROUP
START GROUP
LOAD /usr/lib/gcc/arm-none-eabi/4.9.3/armv7-m/libgcc.a
LOAD /usr/lib/gcc/arm-none-eabi/4.9.3/../../../arm-none-eabi/lib/armv7-m/libc.a
END GROUP

.text           0x0000000008000000      0xb44
 *(.vectors)
 .vectors       0x0000000008000000      0x150 ./libopencm3//lib/libopencm3_stm32f1.a(vector.o)
                0x0000000008000000                vector_table
 *(.text*)
 .text.gpio_setup
                0x0000000008000150       0x38 ins.o
                0x0000000008000150                gpio_setup
 .text.usart_send_32
                0x0000000008000188       0x54 ins.o
                0x0000000008000188                usart_send_32
 .text.i2c1_ev_isr
                0x00000000080001dc      0x124 ins.o
                0x00000000080001dc                i2c1_ev_isr
 .text.i2c1_er_isr
                0x0000000008000300        0xc ins.o
                0x0000000008000300                i2c1_er_isr
 .text.i2c1_setup
                0x000000000800030c       0x7c ins.o
                0x000000000800030c                i2c1_setup
 .text.i2c1_read
                0x0000000008000388       0x2c ins.o
                0x0000000008000388                i2c1_read
 .text.usart1_isr
                0x00000000080003b4       0xa0 ins.o
                0x00000000080003b4                usart1_isr
 .text.tim_setup
                0x0000000008000454       0x78 ins.o
                0x0000000008000454                tim_setup
 .text.tim1_up_isr
                0x00000000080004cc       0x20 ins.o
                0x00000000080004cc                tim1_up_isr
 .text.tim1_cc_isr
                0x00000000080004ec       0x58 ins.o
                0x00000000080004ec                tim1_cc_isr
 .text.clock_setup
                0x0000000008000544       0x42 ins.o
                0x0000000008000544                clock_setup
 *fill*         0x0000000008000586        0x2 
 .text.startup.main
                0x0000000008000588       0x84 ins.o
                0x0000000008000588                main
 .text.gpio_set_mode
                0x000000000800060c       0x6e ./libopencm3//lib/libopencm3_stm32f1.a(gpio.o)
                0x000000000800060c                gpio_set_mode
 *fill*         0x000000000800067a        0x2 
 .text.rcc_set_hpre.clone.0
                0x000000000800067c       0x10 ./libopencm3//lib/libopencm3_stm32f1.a(rcc.o)
 .text.rcc_set_ppre2.clone.1
                0x000000000800068c       0x10 ./libopencm3//lib/libopencm3_stm32f1.a(rcc.o)
 .text.rcc_is_osc_ready
                0x000000000800069c       0x5c ./libopencm3//lib/libopencm3_stm32f1.a(rcc.o)
                0x000000000800069c                rcc_is_osc_ready
 .text.rcc_wait_for_osc_ready
                0x00000000080006f8       0x10 ./libopencm3//lib/libopencm3_stm32f1.a(rcc.o)
                0x00000000080006f8                rcc_wait_for_osc_ready
 .text.rcc_osc_on
                0x0000000008000708       0x60 ./libopencm3//lib/libopencm3_stm32f1.a(rcc.o)
                0x0000000008000708                rcc_osc_on
 .text.rcc_set_sysclk_source
                0x0000000008000768       0x14 ./libopencm3//lib/libopencm3_stm32f1.a(rcc.o)
                0x0000000008000768                rcc_set_sysclk_source
 .text.rcc_set_pll_multiplication_factor
                0x000000000800077c       0x14 ./libopencm3//lib/libopencm3_stm32f1.a(rcc.o)
                0x000000000800077c                rcc_set_pll_multiplication_factor
 .text.rcc_set_pll_source
                0x0000000008000790       0x14 ./libopencm3//lib/libopencm3_stm32f1.a(rcc.o)
                0x0000000008000790                rcc_set_pll_source
 .text.rcc_set_pllxtpre
                0x00000000080007a4       0x14 ./libopencm3//lib/libopencm3_stm32f1.a(rcc.o)
                0x00000000080007a4                rcc_set_pllxtpre
 .text.rcc_set_adcpre
                0x00000000080007b8       0x14 ./libopencm3//lib/libopencm3_stm32f1.a(rcc.o)
                0x00000000080007b8                rcc_set_adcpre
 .text.rcc_set_ppre1
                0x00000000080007cc       0x14 ./libopencm3//lib/libopencm3_stm32f1.a(rcc.o)
                0x00000000080007cc                rcc_set_ppre1
 .text.rcc_clock_setup_in_hse_8mhz_out_72mhz
                0x00000000080007e0       0x8c ./libopencm3//lib/libopencm3_stm32f1.a(rcc.o)
                0x00000000080007e0                rcc_clock_setup_in_hse_8mhz_out_72mhz
 .text.gpio_set
                0x000000000800086c        0x4 ./libopencm3//lib/libopencm3_stm32f1.a(gpio_common_all.o)
                0x000000000800086c                gpio_set
 .text.gpio_clear
                0x0000000008000870        0x6 ./libopencm3//lib/libopencm3_stm32f1.a(gpio_common_all.o)
                0x0000000008000870                gpio_clear
 .text.gpio_toggle
                0x0000000008000876       0x10 ./libopencm3//lib/libopencm3_stm32f1.a(gpio_common_all.o)
                0x0000000008000876                gpio_toggle
 .text.i2c_peripheral_enable
                0x0000000008000886        0xa ./libopencm3//lib/libopencm3_stm32f1.a(i2c_common_all.o)
                0x0000000008000886                i2c_peripheral_enable
 .text.i2c_peripheral_disable
                0x0000000008000890        0xa ./libopencm3//lib/libopencm3_stm32f1.a(i2c_common_all.o)
                0x0000000008000890                i2c_peripheral_disable
 .text.i2c_send_start
                0x000000000800089a        0xa ./libopencm3//lib/libopencm3_stm32f1.a(i2c_common_all.o)
                0x000000000800089a                i2c_send_start
 .text.i2c_send_stop
                0x00000000080008a4        0xa ./libopencm3//lib/libopencm3_stm32f1.a(i2c_common_all.o)
                0x00000000080008a4                i2c_send_stop
 .text.i2c_set_clock_frequency
                0x00000000080008ae       0x10 ./libopencm3//lib/libopencm3_stm32f1.a(i2c_common_all.o)
                0x00000000080008ae                i2c_set_clock_frequency
 .text.i2c_send_data
                0x00000000080008be        0x4 ./libopencm3//lib/libopencm3_stm32f1.a(i2c_common_all.o)
                0x00000000080008be                i2c_send_data
 .text.i2c_set_standard_mode
                0x00000000080008c2        0xa ./libopencm3//lib/libopencm3_stm32f1.a(i2c_common_all.o)
                0x00000000080008c2                i2c_set_standard_mode
 .text.i2c_set_ccr
                0x00000000080008cc        0xc ./libopencm3//lib/libopencm3_stm32f1.a(i2c_common_all.o)
                0x00000000080008cc                i2c_set_ccr
 .text.i2c_set_trise
                0x00000000080008d8        0x4 ./libopencm3//lib/libopencm3_stm32f1.a(i2c_common_all.o)
                0x00000000080008d8                i2c_set_trise
 .text.i2c_get_data
                0x00000000080008dc        0x6 ./libopencm3//lib/libopencm3_stm32f1.a(i2c_common_all.o)
                0x00000000080008dc                i2c_get_data
 .text.i2c_enable_interrupt
                0x00000000080008e2        0x8 ./libopencm3//lib/libopencm3_stm32f1.a(i2c_common_all.o)
                0x00000000080008e2                i2c_enable_interrupt
 .text.i2c_enable_ack
                0x00000000080008ea        0xa ./libopencm3//lib/libopencm3_stm32f1.a(i2c_common_all.o)
                0x00000000080008ea                i2c_enable_ack
 .text.i2c_nack_current
                0x00000000080008f4        0xa ./libopencm3//lib/libopencm3_stm32f1.a(i2c_common_all.o)
                0x00000000080008f4                i2c_nack_current
 .text.timer_enable_irq
                0x00000000080008fe        0x8 ./libopencm3//lib/libopencm3_stm32f1.a(timer_common_all.o)
                0x00000000080008fe                timer_enable_irq
 .text.timer_clear_flag
                0x0000000008000906        0x6 ./libopencm3//lib/libopencm3_stm32f1.a(timer_common_all.o)
                0x0000000008000906                timer_clear_flag
 .text.timer_set_mode
                0x000000000800090c       0x14 ./libopencm3//lib/libopencm3_stm32f1.a(timer_common_all.o)
                0x000000000800090c                timer_set_mode
 .text.timer_disable_preload
                0x0000000008000920        0xa ./libopencm3//lib/libopencm3_stm32f1.a(timer_common_all.o)
                0x0000000008000920                timer_disable_preload
 .text.timer_continuous_mode
                0x000000000800092a        0xa ./libopencm3//lib/libopencm3_stm32f1.a(timer_common_all.o)
                0x000000000800092a                timer_continuous_mode
 .text.timer_enable_counter
                0x0000000008000934        0xa ./libopencm3//lib/libopencm3_stm32f1.a(timer_common_all.o)
                0x0000000008000934                timer_enable_counter
 .text.timer_set_prescaler
                0x000000000800093e        0x4 ./libopencm3//lib/libopencm3_stm32f1.a(timer_common_all.o)
                0x000000000800093e                timer_set_prescaler
 .text.timer_set_period
                0x0000000008000942        0x4 ./libopencm3//lib/libopencm3_stm32f1.a(timer_common_all.o)
                0x0000000008000942                timer_set_period
 .text.timer_enable_oc_preload
                0x0000000008000946       0x36 ./libopencm3//lib/libopencm3_stm32f1.a(timer_common_all.o)
                0x0000000008000946                timer_enable_oc_preload
 .text.timer_set_oc_value
                0x000000000800097c       0x20 ./libopencm3//lib/libopencm3_stm32f1.a(timer_common_all.o)
                0x000000000800097c                timer_set_oc_value
 .text.usart_set_baudrate
                0x000000000800099c       0x28 ./libopencm3//lib/libopencm3_stm32f1.a(usart_common_all.o)
                0x000000000800099c                usart_set_baudrate
 .text.usart_set_databits
                0x00000000080009c4       0x12 ./libopencm3//lib/libopencm3_stm32f1.a(usart_common_all.o)
                0x00000000080009c4                usart_set_databits
 .text.usart_set_stopbits
                0x00000000080009d6        0xc ./libopencm3//lib/libopencm3_stm32f1.a(usart_common_all.o)
                0x00000000080009d6                usart_set_stopbits
 .text.usart_set_parity
                0x00000000080009e2        0xc ./libopencm3//lib/libopencm3_stm32f1.a(usart_common_all.o)
                0x00000000080009e2                usart_set_parity
 .text.usart_set_mode
                0x00000000080009ee        0xc ./libopencm3//lib/libopencm3_stm32f1.a(usart_common_all.o)
                0x00000000080009ee                usart_set_mode
 .text.usart_set_flow_control
                0x00000000080009fa        0xc ./libopencm3//lib/libopencm3_stm32f1.a(usart_common_all.o)
                0x00000000080009fa                usart_set_flow_control
 .text.usart_enable
                0x0000000008000a06        0xa ./libopencm3//lib/libopencm3_stm32f1.a(usart_common_all.o)
                0x0000000008000a06                usart_enable
 .text.usart_send_blocking
                0x0000000008000a10       0x16 ./libopencm3//lib/libopencm3_stm32f1.a(usart_common_all.o)
                0x0000000008000a10                usart_send_blocking
 .text.usart_send
                0x0000000008000a26        0x8 ./libopencm3//lib/libopencm3_stm32f1.a(usart_common_f124.o)
                0x0000000008000a26                usart_send
 .text.usart_recv
                0x0000000008000a2e        0x8 ./libopencm3//lib/libopencm3_stm32f1.a(usart_common_f124.o)
                0x0000000008000a2e                usart_recv
 .text.usart_wait_send_ready
                0x0000000008000a36        0xa ./libopencm3//lib/libopencm3_stm32f1.a(usart_common_f124.o)
                0x0000000008000a36                usart_wait_send_ready
 .text.rcc_periph_clock_enable
                0x0000000008000a40       0x1e ./libopencm3//lib/libopencm3_stm32f1.a(rcc_common_all.o)
                0x0000000008000a40                rcc_periph_clock_enable
 .text.rcc_periph_reset_pulse
                0x0000000008000a5e       0x24 ./libopencm3//lib/libopencm3_stm32f1.a(rcc_common_all.o)
                0x0000000008000a5e                rcc_periph_reset_pulse
 *fill*         0x0000000008000a82        0x2 
 .text.flash_set_ws
                0x0000000008000a84       0x14 ./libopencm3//lib/libopencm3_stm32f1.a(flash_common_f01.o)
                0x0000000008000a84                flash_set_ws
 .text.reset_handler
                0x0000000008000a98       0x8c ./libopencm3//lib/libopencm3_stm32f1.a(vector.o)
                0x0000000008000a98                reset_handler
 .text.blocking_handler
                0x0000000008000b24        0x2 ./libopencm3//lib/libopencm3_stm32f1.a(vector.o)
                0x0000000008000b24                usart3_isr
                0x0000000008000b24                rtc_isr
                0x0000000008000b24                tim7_isr
                0x0000000008000b24                adc1_2_isr
                0x0000000008000b24                tim1_trg_com_isr
                0x0000000008000b24                usb_hp_can_tx_isr
                0x0000000008000b24                tim6_isr
                0x0000000008000b24                usb_wakeup_isr
                0x0000000008000b24                blocking_handler
                0x0000000008000b24                tim5_isr
                0x0000000008000b24                otg_fs_isr
                0x0000000008000b24                spi1_isr
                0x0000000008000b24                dma1_channel6_isr
                0x0000000008000b24                exti2_isr
                0x0000000008000b24                can_rx1_isr
                0x0000000008000b24                dma1_channel5_isr
                0x0000000008000b24                dma2_channel5_isr
                0x0000000008000b24                usage_fault_handler
                0x0000000008000b24                tim8_trg_com_isr
                0x0000000008000b24                can2_rx0_isr
                0x0000000008000b24                tim1_brk_isr
                0x0000000008000b24                can2_rx1_isr
                0x0000000008000b24                sdio_isr
                0x0000000008000b24                eth_isr
                0x0000000008000b24                dma1_channel4_isr
                0x0000000008000b24                tim8_brk_isr
                0x0000000008000b24                dma2_channel4_5_isr
                0x0000000008000b24                pvd_isr
                0x0000000008000b24                rcc_isr
                0x0000000008000b24                flash_isr
                0x0000000008000b24                uart4_isr
                0x0000000008000b24                rtc_alarm_isr
                0x0000000008000b24                exti15_10_isr
                0x0000000008000b24                hard_fault_handler
                0x0000000008000b24                exti1_isr
                0x0000000008000b24                dma2_channel1_isr
                0x0000000008000b24                spi2_isr
                0x0000000008000b24                tim8_up_isr
                0x0000000008000b24                dma2_channel2_isr
                0x0000000008000b24                adc3_isr
                0x0000000008000b24                exti3_isr
                0x0000000008000b24                tim3_isr
                0x0000000008000b24                usart2_isr
                0x0000000008000b24                usb_lp_can_rx0_isr
                0x0000000008000b24                i2c2_er_isr
                0x0000000008000b24                i2c2_ev_isr
                0x0000000008000b24                uart5_isr
                0x0000000008000b24                fsmc_isr
                0x0000000008000b24                dma1_channel1_isr
                0x0000000008000b24                exti4_isr
                0x0000000008000b24                mem_manage_handler
                0x0000000008000b24                can2_tx_isr
                0x0000000008000b24                exti9_5_isr
                0x0000000008000b24                dma2_channel3_isr
                0x0000000008000b24                dma1_channel7_isr
                0x0000000008000b24                can2_sce_isr
                0x0000000008000b24                tim4_isr
                0x0000000008000b24                dma1_channel2_isr
                0x0000000008000b24                can_sce_isr
                0x0000000008000b24                tim8_cc_isr
                0x0000000008000b24                tamper_isr
                0x0000000008000b24                eth_wkup_isr
                0x0000000008000b24                bus_fault_handler
                0x0000000008000b24                wwdg_isr
                0x0000000008000b24                dma1_channel3_isr
                0x0000000008000b24                spi3_isr
                0x0000000008000b24                tim2_isr
                0x0000000008000b24                exti0_isr
 .text.null_handler
                0x0000000008000b26        0x2 ./libopencm3//lib/libopencm3_stm32f1.a(vector.o)
                0x0000000008000b26                null_handler
                0x0000000008000b26                sv_call_handler
                0x0000000008000b26                pend_sv_handler
                0x0000000008000b26                debug_monitor_handler
                0x0000000008000b26                sys_tick_handler
                0x0000000008000b26                nmi_handler
 .text.nvic_enable_irq
                0x0000000008000b28       0x1c ./libopencm3//lib/libopencm3_stm32f1.a(nvic.o)
                0x0000000008000b28                nvic_enable_irq
                0x0000000008000b44                . = ALIGN (0x4)
 *(.rodata*)
                0x0000000008000b44                . = ALIGN (0x4)

.glue_7         0x0000000008000b44        0x0
 .glue_7        0x0000000008000b44        0x0 linker stubs

.glue_7t        0x0000000008000b44        0x0
 .glue_7t       0x0000000008000b44        0x0 linker stubs

.vfp11_veneer   0x0000000008000b44        0x0
 .vfp11_veneer  0x0000000008000b44        0x0 linker stubs

.v4_bx          0x0000000008000b44        0x0
 .v4_bx         0x0000000008000b44        0x0 linker stubs

.iplt           0x0000000008000b44        0x0
 .iplt          0x0000000008000b44        0x0 ins.o

.rel.dyn        0x0000000008000b44        0x0
 .rel.iplt      0x0000000008000b44        0x0 ins.o

.preinit_array  0x0000000008000b44        0x0
                0x0000000008000b44                . = ALIGN (0x4)
                0x0000000008000b44                __preinit_array_start = .
 *(.preinit_array)
                0x0000000008000b44                __preinit_array_end = .

.init_array     0x0000000008000b44        0x0
                0x0000000008000b44                . = ALIGN (0x4)
                0x0000000008000b44                __init_array_start = .
 *(SORT(.init_array.*))
 *(.init_array)
                0x0000000008000b44                __init_array_end = .

.fini_array     0x0000000008000b44        0x0
                0x0000000008000b44                . = ALIGN (0x4)
                0x0000000008000b44                __fini_array_start = .
 *(.fini_array)
 *(SORT(.fini_array.*))
                0x0000000008000b44                __fini_array_end = .

.ARM.extab
 *(.ARM.extab*)

.ARM.exidx      0x0000000008000b44        0x0
                0x0000000008000b44                __exidx_start = .
 *(.ARM.exidx*)
                0x0000000008000b44                __exidx_end = .
                0x0000000008000b44                . = ALIGN (0x4)
                0x0000000008000b44                _etext = .

.data           0x0000000020000000       0x14 load address 0x0000000008000b44
                0x0000000020000000                _data = .
 *(.data*)
 .data.temp     0x0000000020000000        0x4 ins.o
                0x0000000020000000                temp
 .data.upcount  0x0000000020000004        0x1 ins.o
                0x0000000020000004                upcount
 *fill*         0x0000000020000005        0x1 
 .data.compare_time
                0x0000000020000006        0x2 ins.o
                0x0000000020000006                compare_time
 .data.rcc_ahb_frequency
                0x0000000020000008        0x4 ./libopencm3//lib/libopencm3_stm32f1.a(rcc.o)
                0x0000000020000008                rcc_ahb_frequency
 .data.rcc_apb1_frequency
                0x000000002000000c        0x4 ./libopencm3//lib/libopencm3_stm32f1.a(rcc.o)
                0x000000002000000c                rcc_apb1_frequency
 .data.rcc_apb2_frequency
                0x0000000020000010        0x4 ./libopencm3//lib/libopencm3_stm32f1.a(rcc.o)
                0x0000000020000010                rcc_apb2_frequency
                0x0000000020000014                . = ALIGN (0x4)
                0x0000000020000014                _edata = .
                0x0000000008000b44                _data_loadaddr = LOADADDR (.data)

.igot.plt       0x0000000020000014        0x0 load address 0x0000000008000b58
 .igot.plt      0x0000000020000014        0x0 ins.o

.bss            0x0000000020000014       0x1c load address 0x0000000008000b58
 *(.bss*)
 .bss.temp2     0x0000000020000014        0x1 ins.o
                0x0000000020000014                temp2
 *fill*         0x0000000020000015        0x3 
 .bss.usart1    0x0000000020000018        0xc ins.o
                0x0000000020000018                usart1
 .bss.i2c       0x0000000020000024        0xc ins.o
                0x0000000020000024                i2c
 *(COMMON)
                0x0000000020000030                . = ALIGN (0x4)
                0x0000000020000030                _ebss = .

/DISCARD/
 *(.eh_frame)
                0x0000000020000030                . = ALIGN (0x4)
                0x0000000020000030                end = .
                0x0000000020005000                PROVIDE (_stack, (ORIGIN (ram) + LENGTH (ram)))
OUTPUT(ins.elf elf32-littlearm)

.debug_info     0x0000000000000000     0x491b
 .debug_info    0x0000000000000000     0x11f7 ins.o
 .debug_info    0x00000000000011f7      0x1c5 ./libopencm3//lib/libopencm3_stm32f1.a(gpio.o)
 .debug_info    0x00000000000013bc      0x6d2 ./libopencm3//lib/libopencm3_stm32f1.a(rcc.o)
 .debug_info    0x0000000000001a8e      0x209 ./libopencm3//lib/libopencm3_stm32f1.a(gpio_common_all.o)
 .debug_info    0x0000000000001c97      0x77a ./libopencm3//lib/libopencm3_stm32f1.a(i2c_common_all.o)
 .debug_info    0x0000000000002411     0x122a ./libopencm3//lib/libopencm3_stm32f1.a(timer_common_all.o)
 .debug_info    0x000000000000363b      0x480 ./libopencm3//lib/libopencm3_stm32f1.a(usart_common_all.o)
 .debug_info    0x0000000000003abb      0x1bb ./libopencm3//lib/libopencm3_stm32f1.a(usart_common_f124.o)
 .debug_info    0x0000000000003c76      0x547 ./libopencm3//lib/libopencm3_stm32f1.a(rcc_common_all.o)
 .debug_info    0x00000000000041bd      0x1f9 ./libopencm3//lib/libopencm3_stm32f1.a(flash_common_f01.o)
 .debug_info    0x00000000000043b6      0x353 ./libopencm3//lib/libopencm3_stm32f1.a(vector.o)
 .debug_info    0x0000000000004709      0x212 ./libopencm3//lib/libopencm3_stm32f1.a(nvic.o)

.debug_abbrev   0x0000000000000000      0xd1e
 .debug_abbrev  0x0000000000000000      0x224 ins.o
 .debug_abbrev  0x0000000000000224       0xc9 ./libopencm3//lib/libopencm3_stm32f1.a(gpio.o)
 .debug_abbrev  0x00000000000002ed      0x1e5 ./libopencm3//lib/libopencm3_stm32f1.a(rcc.o)
 .debug_abbrev  0x00000000000004d2       0xd3 ./libopencm3//lib/libopencm3_stm32f1.a(gpio_common_all.o)
 .debug_abbrev  0x00000000000005a5      0x154 ./libopencm3//lib/libopencm3_stm32f1.a(i2c_common_all.o)
 .debug_abbrev  0x00000000000006f9      0x157 ./libopencm3//lib/libopencm3_stm32f1.a(timer_common_all.o)
 .debug_abbrev  0x0000000000000850       0xe6 ./libopencm3//lib/libopencm3_stm32f1.a(usart_common_all.o)
 .debug_abbrev  0x0000000000000936       0xaf ./libopencm3//lib/libopencm3_stm32f1.a(usart_common_f124.o)
 .debug_abbrev  0x00000000000009e5       0xcb ./libopencm3//lib/libopencm3_stm32f1.a(rcc_common_all.o)
 .debug_abbrev  0x0000000000000ab0       0xc6 ./libopencm3//lib/libopencm3_stm32f1.a(flash_common_f01.o)
 .debug_abbrev  0x0000000000000b76      0x10a ./libopencm3//lib/libopencm3_stm32f1.a(vector.o)
 .debug_abbrev  0x0000000000000c80       0x9e ./libopencm3//lib/libopencm3_stm32f1.a(nvic.o)

.debug_loc      0x0000000000000000      0xdde
 .debug_loc     0x0000000000000000      0x1e1 ins.o
 .debug_loc     0x00000000000001e1      0x115 ./libopencm3//lib/libopencm3_stm32f1.a(gpio.o)
 .debug_loc     0x00000000000002f6      0x236 ./libopencm3//lib/libopencm3_stm32f1.a(rcc.o)
 .debug_loc     0x000000000000052c       0x7f ./libopencm3//lib/libopencm3_stm32f1.a(gpio_common_all.o)
 .debug_loc     0x00000000000005ab       0xf0 ./libopencm3//lib/libopencm3_stm32f1.a(i2c_common_all.o)
 .debug_loc     0x000000000000069b      0x2cf ./libopencm3//lib/libopencm3_stm32f1.a(timer_common_all.o)
 .debug_loc     0x000000000000096a      0x12d ./libopencm3//lib/libopencm3_stm32f1.a(usart_common_all.o)
 .debug_loc     0x0000000000000a97       0x80 ./libopencm3//lib/libopencm3_stm32f1.a(usart_common_f124.o)
 .debug_loc     0x0000000000000b17       0x5f ./libopencm3//lib/libopencm3_stm32f1.a(rcc_common_all.o)
 .debug_loc     0x0000000000000b76       0xed ./libopencm3//lib/libopencm3_stm32f1.a(flash_common_f01.o)
 .debug_loc     0x0000000000000c63       0xc5 ./libopencm3//lib/libopencm3_stm32f1.a(vector.o)
 .debug_loc     0x0000000000000d28       0xb6 ./libopencm3//lib/libopencm3_stm32f1.a(nvic.o)

.debug_aranges  0x0000000000000000      0x888
 .debug_aranges
                0x0000000000000000       0x90 ins.o
 .debug_aranges
                0x0000000000000090       0x38 ./libopencm3//lib/libopencm3_stm32f1.a(gpio.o)
 .debug_aranges
                0x00000000000000c8      0x170 ./libopencm3//lib/libopencm3_stm32f1.a(rcc.o)
 .debug_aranges
                0x0000000000000238       0x50 ./libopencm3//lib/libopencm3_stm32f1.a(gpio_common_all.o)
 .debug_aranges
                0x0000000000000288      0x108 ./libopencm3//lib/libopencm3_stm32f1.a(i2c_common_all.o)
 .debug_aranges
                0x0000000000000390      0x278 ./libopencm3//lib/libopencm3_stm32f1.a(timer_common_all.o)
 .debug_aranges
                0x0000000000000608       0xb8 ./libopencm3//lib/libopencm3_stm32f1.a(usart_common_all.o)
 .debug_aranges
                0x00000000000006c0       0x48 ./libopencm3//lib/libopencm3_stm32f1.a(usart_common_f124.o)
 .debug_aranges
                0x0000000000000708       0x68 ./libopencm3//lib/libopencm3_stm32f1.a(rcc_common_all.o)
 .debug_aranges
                0x0000000000000770       0x88 ./libopencm3//lib/libopencm3_stm32f1.a(flash_common_f01.o)
 .debug_aranges
                0x00000000000007f8       0x30 ./libopencm3//lib/libopencm3_stm32f1.a(vector.o)
 .debug_aranges
                0x0000000000000828       0x60 ./libopencm3//lib/libopencm3_stm32f1.a(nvic.o)

.debug_ranges   0x0000000000000000      0x7c8
 .debug_ranges  0x0000000000000000       0x80 ins.o
 .debug_ranges  0x0000000000000080       0x28 ./libopencm3//lib/libopencm3_stm32f1.a(gpio.o)
 .debug_ranges  0x00000000000000a8      0x160 ./libopencm3//lib/libopencm3_stm32f1.a(rcc.o)
 .debug_ranges  0x0000000000000208       0x40 ./libopencm3//lib/libopencm3_stm32f1.a(gpio_common_all.o)
 .debug_ranges  0x0000000000000248       0xf8 ./libopencm3//lib/libopencm3_stm32f1.a(i2c_common_all.o)
 .debug_ranges  0x0000000000000340      0x268 ./libopencm3//lib/libopencm3_stm32f1.a(timer_common_all.o)
 .debug_ranges  0x00000000000005a8       0xa8 ./libopencm3//lib/libopencm3_stm32f1.a(usart_common_all.o)
 .debug_ranges  0x0000000000000650       0x38 ./libopencm3//lib/libopencm3_stm32f1.a(usart_common_f124.o)
 .debug_ranges  0x0000000000000688       0x58 ./libopencm3//lib/libopencm3_stm32f1.a(rcc_common_all.o)
 .debug_ranges  0x00000000000006e0       0x78 ./libopencm3//lib/libopencm3_stm32f1.a(flash_common_f01.o)
 .debug_ranges  0x0000000000000758       0x20 ./libopencm3//lib/libopencm3_stm32f1.a(vector.o)
 .debug_ranges  0x0000000000000778       0x50 ./libopencm3//lib/libopencm3_stm32f1.a(nvic.o)

.debug_line     0x0000000000000000     0x2d6b
 .debug_line    0x0000000000000000      0x3bd ins.o
 .debug_line    0x00000000000003bd      0x25d ./libopencm3//lib/libopencm3_stm32f1.a(gpio.o)
 .debug_line    0x000000000000061a      0x617 ./libopencm3//lib/libopencm3_stm32f1.a(rcc.o)
 .debug_line    0x0000000000000c31      0x281 ./libopencm3//lib/libopencm3_stm32f1.a(gpio_common_all.o)
 .debug_line    0x0000000000000eb2      0x447 ./libopencm3//lib/libopencm3_stm32f1.a(i2c_common_all.o)
 .debug_line    0x00000000000012f9      0x93b ./libopencm3//lib/libopencm3_stm32f1.a(timer_common_all.o)
 .debug_line    0x0000000000001c34      0x3c6 ./libopencm3//lib/libopencm3_stm32f1.a(usart_common_all.o)
 .debug_line    0x0000000000001ffa      0x2cd ./libopencm3//lib/libopencm3_stm32f1.a(usart_common_f124.o)
 .debug_line    0x00000000000022c7      0x2ae ./libopencm3//lib/libopencm3_stm32f1.a(rcc_common_all.o)
 .debug_line    0x0000000000002575      0x318 ./libopencm3//lib/libopencm3_stm32f1.a(flash_common_f01.o)
 .debug_line    0x000000000000288d      0x28e ./libopencm3//lib/libopencm3_stm32f1.a(vector.o)
 .debug_line    0x0000000000002b1b      0x250 ./libopencm3//lib/libopencm3_stm32f1.a(nvic.o)

.debug_str      0x0000000000000000     0x20dc
 .debug_str     0x0000000000000000      0x99f ins.o
                                        0x9ff (size before relaxing)
 .debug_str     0x000000000000099f       0xbc ./libopencm3//lib/libopencm3_stm32f1.a(gpio.o)
                                        0x16d (size before relaxing)
 .debug_str     0x0000000000000a5b      0x447 ./libopencm3//lib/libopencm3_stm32f1.a(rcc.o)
                                        0x56b (size before relaxing)
 .debug_str     0x0000000000000ea2       0x5a ./libopencm3//lib/libopencm3_stm32f1.a(gpio_common_all.o)
                                        0x16b (size before relaxing)
 .debug_str     0x0000000000000efc      0x1b5 ./libopencm3//lib/libopencm3_stm32f1.a(i2c_common_all.o)
                                        0x56c (size before relaxing)
 .debug_str     0x00000000000010b1      0x9c8 ./libopencm3//lib/libopencm3_stm32f1.a(timer_common_all.o)
                                        0xdd3 (size before relaxing)
 .debug_str     0x0000000000001a79      0x147 ./libopencm3//lib/libopencm3_stm32f1.a(usart_common_all.o)
                                        0x301 (size before relaxing)
 .debug_str     0x0000000000001bc0       0x7d ./libopencm3//lib/libopencm3_stm32f1.a(usart_common_f124.o)
                                        0x17b (size before relaxing)
 .debug_str     0x0000000000001c3d       0xdf ./libopencm3//lib/libopencm3_stm32f1.a(rcc_common_all.o)
                                        0x601 (size before relaxing)
 .debug_str     0x0000000000001d1c      0x157 ./libopencm3//lib/libopencm3_stm32f1.a(flash_common_f01.o)
                                        0x236 (size before relaxing)
 .debug_str     0x0000000000001e73      0x1a5 ./libopencm3//lib/libopencm3_stm32f1.a(vector.o)
                                        0x27a (size before relaxing)
 .debug_str     0x0000000000002018       0xc4 ./libopencm3//lib/libopencm3_stm32f1.a(nvic.o)
                                        0x1b7 (size before relaxing)

.comment        0x0000000000000000       0x62
 .comment       0x0000000000000000       0x38 ins.o
                                         0x39 (size before relaxing)
 .comment       0x0000000000000038       0x2a ./libopencm3//lib/libopencm3_stm32f1.a(gpio.o)
                                         0x2b (size before relaxing)
 .comment       0x0000000000000062       0x2b ./libopencm3//lib/libopencm3_stm32f1.a(rcc.o)
 .comment       0x0000000000000062       0x2b ./libopencm3//lib/libopencm3_stm32f1.a(gpio_common_all.o)
 .comment       0x0000000000000062       0x2b ./libopencm3//lib/libopencm3_stm32f1.a(i2c_common_all.o)
 .comment       0x0000000000000062       0x2b ./libopencm3//lib/libopencm3_stm32f1.a(timer_common_all.o)
 .comment       0x0000000000000062       0x2b ./libopencm3//lib/libopencm3_stm32f1.a(usart_common_all.o)
 .comment       0x0000000000000062       0x2b ./libopencm3//lib/libopencm3_stm32f1.a(usart_common_f124.o)
 .comment       0x0000000000000062       0x2b ./libopencm3//lib/libopencm3_stm32f1.a(rcc_common_all.o)
 .comment       0x0000000000000062       0x2b ./libopencm3//lib/libopencm3_stm32f1.a(flash_common_f01.o)
 .comment       0x0000000000000062       0x2b ./libopencm3//lib/libopencm3_stm32f1.a(vector.o)
 .comment       0x0000000000000062       0x2b ./libopencm3//lib/libopencm3_stm32f1.a(nvic.o)

.ARM.attributes
                0x0000000000000000       0x33
 .ARM.attributes
                0x0000000000000000       0x33 ins.o
 .ARM.attributes
                0x0000000000000033       0x31 ./libopencm3//lib/libopencm3_stm32f1.a(gpio.o)
 .ARM.attributes
                0x0000000000000064       0x31 ./libopencm3//lib/libopencm3_stm32f1.a(rcc.o)
 .ARM.attributes
                0x0000000000000095       0x31 ./libopencm3//lib/libopencm3_stm32f1.a(gpio_common_all.o)
 .ARM.attributes
                0x00000000000000c6       0x31 ./libopencm3//lib/libopencm3_stm32f1.a(i2c_common_all.o)
 .ARM.attributes
                0x00000000000000f7       0x31 ./libopencm3//lib/libopencm3_stm32f1.a(timer_common_all.o)
 .ARM.attributes
                0x0000000000000128       0x31 ./libopencm3//lib/libopencm3_stm32f1.a(usart_common_all.o)
 .ARM.attributes
                0x0000000000000159       0x31 ./libopencm3//lib/libopencm3_stm32f1.a(usart_common_f124.o)
 .ARM.attributes
                0x000000000000018a       0x31 ./libopencm3//lib/libopencm3_stm32f1.a(rcc_common_all.o)
 .ARM.attributes
                0x00000000000001bb       0x31 ./libopencm3//lib/libopencm3_stm32f1.a(flash_common_f01.o)
 .ARM.attributes
                0x00000000000001ec       0x31 ./libopencm3//lib/libopencm3_stm32f1.a(vector.o)
 .ARM.attributes
                0x000000000000021d       0x31 ./libopencm3//lib/libopencm3_stm32f1.a(nvic.o)

.debug_frame    0x0000000000000000     0x1124
 .debug_frame   0x0000000000000000      0x1e4 ins.o
 .debug_frame   0x00000000000001e4       0x64 ./libopencm3//lib/libopencm3_stm32f1.a(gpio.o)
 .debug_frame   0x0000000000000248      0x310 ./libopencm3//lib/libopencm3_stm32f1.a(rcc.o)
 .debug_frame   0x0000000000000558       0x88 ./libopencm3//lib/libopencm3_stm32f1.a(gpio_common_all.o)
 .debug_frame   0x00000000000005e0      0x1f0 ./libopencm3//lib/libopencm3_stm32f1.a(i2c_common_all.o)
 .debug_frame   0x00000000000007d0      0x4d8 ./libopencm3//lib/libopencm3_stm32f1.a(timer_common_all.o)
 .debug_frame   0x0000000000000ca8      0x164 ./libopencm3//lib/libopencm3_stm32f1.a(usart_common_all.o)
 .debug_frame   0x0000000000000e0c       0x70 ./libopencm3//lib/libopencm3_stm32f1.a(usart_common_f124.o)
 .debug_frame   0x0000000000000e7c       0xb0 ./libopencm3//lib/libopencm3_stm32f1.a(rcc_common_all.o)
 .debug_frame   0x0000000000000f2c      0x118 ./libopencm3//lib/libopencm3_stm32f1.a(flash_common_f01.o)
 .debug_frame   0x0000000000001044       0x40 ./libopencm3//lib/libopencm3_stm32f1.a(vector.o)
 .debug_frame   0x0000000000001084       0xa0 ./libopencm3//lib/libopencm3_stm32f1.a(nvic.o)

.debug_macinfo  0x0000000000000000    0x4a5fd
 .debug_macinfo
                0x0000000000000000     0x7a36 ./libopencm3//lib/libopencm3_stm32f1.a(gpio.o)
 .debug_macinfo
                0x0000000000007a36     0x6cbc ./libopencm3//lib/libopencm3_stm32f1.a(rcc.o)
 .debug_macinfo
                0x000000000000e6f2     0x7a36 ./libopencm3//lib/libopencm3_stm32f1.a(gpio_common_all.o)
 .debug_macinfo
                0x0000000000016128     0x70c8 ./libopencm3//lib/libopencm3_stm32f1.a(i2c_common_all.o)
 .debug_macinfo
                0x000000000001d1f0     0xab41 ./libopencm3//lib/libopencm3_stm32f1.a(timer_common_all.o)
 .debug_macinfo
                0x0000000000027d31     0x7365 ./libopencm3//lib/libopencm3_stm32f1.a(usart_common_all.o)
 .debug_macinfo
                0x000000000002f096     0x7365 ./libopencm3//lib/libopencm3_stm32f1.a(usart_common_f124.o)
 .debug_macinfo
                0x00000000000363fb     0x6413 ./libopencm3//lib/libopencm3_stm32f1.a(rcc_common_all.o)
 .debug_macinfo
                0x000000000003c80e     0x44bd ./libopencm3//lib/libopencm3_stm32f1.a(flash_common_f01.o)
 .debug_macinfo
                0x0000000000040ccb     0x5627 ./libopencm3//lib/libopencm3_stm32f1.a(vector.o)
 .debug_macinfo
                0x00000000000462f2     0x430b ./libopencm3//lib/libopencm3_stm32f1.a(nvic.o)

.debug_pubnames
                0x0000000000000000     0x17f9
 .debug_pubnames
                0x0000000000000000       0x6a ./libopencm3//lib/libopencm3_stm32f1.a(gpio.o)
 .debug_pubnames
                0x000000000000006a      0x4c6 ./libopencm3//lib/libopencm3_stm32f1.a(rcc.o)
 .debug_pubnames
                0x0000000000000530       0x8c ./libopencm3//lib/libopencm3_stm32f1.a(gpio_common_all.o)
 .debug_pubnames
                0x00000000000005bc      0x2eb ./libopencm3//lib/libopencm3_stm32f1.a(i2c_common_all.o)
 .debug_pubnames
                0x00000000000008a7      0x8b7 ./libopencm3//lib/libopencm3_stm32f1.a(timer_common_all.o)
 .debug_pubnames
                0x000000000000115e      0x20c ./libopencm3//lib/libopencm3_stm32f1.a(usart_common_all.o)
 .debug_pubnames
                0x000000000000136a       0x96 ./libopencm3//lib/libopencm3_stm32f1.a(usart_common_f124.o)
 .debug_pubnames
                0x0000000000001400      0x126 ./libopencm3//lib/libopencm3_stm32f1.a(rcc_common_all.o)
 .debug_pubnames
                0x0000000000001526      0x184 ./libopencm3//lib/libopencm3_stm32f1.a(flash_common_f01.o)
 .debug_pubnames
                0x00000000000016aa       0x5b ./libopencm3//lib/libopencm3_stm32f1.a(vector.o)
 .debug_pubnames
                0x0000000000001705       0xf4 ./libopencm3//lib/libopencm3_stm32f1.a(nvic.o)

.debug_pubtypes
                0x0000000000000000      0x2df
 .debug_pubtypes
                0x0000000000000000       0x38 ./libopencm3//lib/libopencm3_stm32f1.a(gpio.o)
 .debug_pubtypes
                0x0000000000000038       0x2b ./libopencm3//lib/libopencm3_stm32f1.a(rcc.o)
 .debug_pubtypes
                0x0000000000000063       0x2c ./libopencm3//lib/libopencm3_stm32f1.a(gpio_common_all.o)
 .debug_pubtypes
                0x000000000000008f       0x4b ./libopencm3//lib/libopencm3_stm32f1.a(i2c_common_all.o)
 .debug_pubtypes
                0x00000000000000da       0xab ./libopencm3//lib/libopencm3_stm32f1.a(timer_common_all.o)
 .debug_pubtypes
                0x0000000000000185       0x2c ./libopencm3//lib/libopencm3_stm32f1.a(usart_common_all.o)
 .debug_pubtypes
                0x00000000000001b1       0x2c ./libopencm3//lib/libopencm3_stm32f1.a(usart_common_f124.o)
 .debug_pubtypes
                0x00000000000001dd       0x47 ./libopencm3//lib/libopencm3_stm32f1.a(rcc_common_all.o)
 .debug_pubtypes
                0x0000000000000224       0x2c ./libopencm3//lib/libopencm3_stm32f1.a(flash_common_f01.o)
 .debug_pubtypes
                0x0000000000000250       0x57 ./libopencm3//lib/libopencm3_stm32f1.a(vector.o)
 .debug_pubtypes
                0x00000000000002a7       0x38 ./libopencm3//lib/libopencm3_stm32f1.a(nvic.o)
