Archive member included to satisfy reference by file (symbol)

./libopencm3//lib/libopencm3_stm32f1.a(gpio.o)
                              ins.o (gpio_set_mode)
./libopencm3//lib/libopencm3_stm32f1.a(rcc.o)
                              ins.o (rcc_clock_setup_in_hse_8mhz_out_72mhz)
./libopencm3//lib/libopencm3_stm32f1.a(gpio_common_all.o)
                              ins.o (gpio_set)
./libopencm3//lib/libopencm3_stm32f1.a(i2c_common_all.o)
                              ins.o (i2c_reset)
./libopencm3//lib/libopencm3_stm32f1.a(timer_common_all.o)
                              ins.o (timer_enable_irq)
./libopencm3//lib/libopencm3_stm32f1.a(usart_common_all.o)
                              ins.o (usart_set_baudrate)
./libopencm3//lib/libopencm3_stm32f1.a(usart_common_f124.o)
                              ins.o (usart_send)
./libopencm3//lib/libopencm3_stm32f1.a(rcc_common_all.o)
                              ins.o (rcc_periph_clock_enable)
./libopencm3//lib/libopencm3_stm32f1.a(flash_common_f01.o)
                              ./libopencm3//lib/libopencm3_stm32f1.a(rcc.o) (flash_set_ws)
./libopencm3//lib/libopencm3_stm32f1.a(vector.o)
                              (reset_handler)
./libopencm3//lib/libopencm3_stm32f1.a(nvic.o)
                              ins.o (nvic_enable_irq)
./libopencm3//lib/libopencm3_stm32f1.a(assert.o)
                              ./libopencm3//lib/libopencm3_stm32f1.a(rcc.o) (cm3_assert_failed)
./libopencm3//lib/libopencm3_stm32f1.a(flash.o)
                              ./libopencm3//lib/libopencm3_stm32f1.a(flash_common_f01.o) (flash_get_status_flags)

Discarded input sections

 .text          0x0000000000000000        0x0 ins.o
 .data          0x0000000000000000        0x0 ins.o
 .bss           0x0000000000000000        0x0 ins.o
 .text.i2c1_write
                0x0000000000000000       0x2c ins.o
 .data.temp     0x0000000000000000        0x4 ins.o
 .text          0x0000000000000000        0x0 ./libopencm3//lib/libopencm3_stm32f1.a(gpio.o)
 .data          0x0000000000000000        0x0 ./libopencm3//lib/libopencm3_stm32f1.a(gpio.o)
 .bss           0x0000000000000000        0x0 ./libopencm3//lib/libopencm3_stm32f1.a(gpio.o)
 .text.gpio_set_eventout
                0x0000000000000000       0x14 ./libopencm3//lib/libopencm3_stm32f1.a(gpio.o)
 .text.gpio_primary_remap
                0x0000000000000000       0x18 ./libopencm3//lib/libopencm3_stm32f1.a(gpio.o)
 .text.gpio_secondary_remap
                0x0000000000000000       0x10 ./libopencm3//lib/libopencm3_stm32f1.a(gpio.o)
 .text          0x0000000000000000        0x0 ./libopencm3//lib/libopencm3_stm32f1.a(rcc.o)
 .data          0x0000000000000000        0x0 ./libopencm3//lib/libopencm3_stm32f1.a(rcc.o)
 .bss           0x0000000000000000        0x0 ./libopencm3//lib/libopencm3_stm32f1.a(rcc.o)
 .text.rcc_osc_ready_int_clear
                0x0000000000000000       0x60 ./libopencm3//lib/libopencm3_stm32f1.a(rcc.o)
 .text.rcc_osc_ready_int_enable
                0x0000000000000000       0x60 ./libopencm3//lib/libopencm3_stm32f1.a(rcc.o)
 .text.rcc_osc_ready_int_disable
                0x0000000000000000       0x60 ./libopencm3//lib/libopencm3_stm32f1.a(rcc.o)
 .text.rcc_osc_ready_int_flag
                0x0000000000000000       0x54 ./libopencm3//lib/libopencm3_stm32f1.a(rcc.o)
 .text.rcc_css_int_clear
                0x0000000000000000       0x10 ./libopencm3//lib/libopencm3_stm32f1.a(rcc.o)
 .text.rcc_css_int_flag
                0x0000000000000000       0x10 ./libopencm3//lib/libopencm3_stm32f1.a(rcc.o)
 .text.rcc_osc_off
                0x0000000000000000       0x60 ./libopencm3//lib/libopencm3_stm32f1.a(rcc.o)
 .text.rcc_css_enable
                0x0000000000000000       0x10 ./libopencm3//lib/libopencm3_stm32f1.a(rcc.o)
 .text.rcc_css_disable
                0x0000000000000000       0x10 ./libopencm3//lib/libopencm3_stm32f1.a(rcc.o)
 .text.rcc_osc_bypass_enable
                0x0000000000000000       0x2c ./libopencm3//lib/libopencm3_stm32f1.a(rcc.o)
 .text.rcc_osc_bypass_disable
                0x0000000000000000       0x2c ./libopencm3//lib/libopencm3_stm32f1.a(rcc.o)
 .text.rcc_set_pll2_multiplication_factor
                0x0000000000000000       0x14 ./libopencm3//lib/libopencm3_stm32f1.a(rcc.o)
 .text.rcc_set_pll3_multiplication_factor
                0x0000000000000000       0x14 ./libopencm3//lib/libopencm3_stm32f1.a(rcc.o)
 .text.rcc_rtc_clock_enabled_flag
                0x0000000000000000       0x10 ./libopencm3//lib/libopencm3_stm32f1.a(rcc.o)
 .text.rcc_enable_rtc_clock
                0x0000000000000000       0x10 ./libopencm3//lib/libopencm3_stm32f1.a(rcc.o)
 .text.rcc_set_rtc_clock_source
                0x0000000000000000       0x9c ./libopencm3//lib/libopencm3_stm32f1.a(rcc.o)
 .text.rcc_set_ppre2
                0x0000000000000000       0x14 ./libopencm3//lib/libopencm3_stm32f1.a(rcc.o)
 .text.rcc_set_hpre
                0x0000000000000000       0x14 ./libopencm3//lib/libopencm3_stm32f1.a(rcc.o)
 .text.rcc_set_usbpre
                0x0000000000000000       0x1c ./libopencm3//lib/libopencm3_stm32f1.a(rcc.o)
 .text.rcc_set_prediv1
                0x0000000000000000       0x14 ./libopencm3//lib/libopencm3_stm32f1.a(rcc.o)
 .text.rcc_set_prediv2
                0x0000000000000000       0x14 ./libopencm3//lib/libopencm3_stm32f1.a(rcc.o)
 .text.rcc_set_prediv1_source
                0x0000000000000000       0x1c ./libopencm3//lib/libopencm3_stm32f1.a(rcc.o)
 .text.rcc_system_clock_source
                0x0000000000000000       0x10 ./libopencm3//lib/libopencm3_stm32f1.a(rcc.o)
 .text.rcc_clock_setup_in_hsi_out_64mhz
                0x0000000000000000       0x74 ./libopencm3//lib/libopencm3_stm32f1.a(rcc.o)
 .text.rcc_clock_setup_in_hsi_out_48mhz
                0x0000000000000000       0x78 ./libopencm3//lib/libopencm3_stm32f1.a(rcc.o)
 .text.rcc_clock_setup_in_hsi_out_24mhz
                0x0000000000000000       0x6c ./libopencm3//lib/libopencm3_stm32f1.a(rcc.o)
 .text.rcc_clock_setup_in_hse_8mhz_out_24mhz
                0x0000000000000000       0x84 ./libopencm3//lib/libopencm3_stm32f1.a(rcc.o)
 .text.rcc_clock_setup_in_hse_12mhz_out_72mhz
                0x0000000000000000       0x8c ./libopencm3//lib/libopencm3_stm32f1.a(rcc.o)
 .text.rcc_clock_setup_in_hse_16mhz_out_72mhz
                0x0000000000000000       0x8c ./libopencm3//lib/libopencm3_stm32f1.a(rcc.o)
 .text.rcc_clock_setup_in_hse_25mhz_out_72mhz
                0x0000000000000000       0xa4 ./libopencm3//lib/libopencm3_stm32f1.a(rcc.o)
 .text.rcc_backupdomain_reset
                0x0000000000000000       0x18 ./libopencm3//lib/libopencm3_stm32f1.a(rcc.o)
 .text          0x0000000000000000        0x0 ./libopencm3//lib/libopencm3_stm32f1.a(gpio_common_all.o)
 .data          0x0000000000000000        0x0 ./libopencm3//lib/libopencm3_stm32f1.a(gpio_common_all.o)
 .bss           0x0000000000000000        0x0 ./libopencm3//lib/libopencm3_stm32f1.a(gpio_common_all.o)
 .text.gpio_toggle
                0x0000000000000000       0x10 ./libopencm3//lib/libopencm3_stm32f1.a(gpio_common_all.o)
 .text.gpio_port_read
                0x0000000000000000        0x6 ./libopencm3//lib/libopencm3_stm32f1.a(gpio_common_all.o)
 .text.gpio_get
                0x0000000000000000        0xc ./libopencm3//lib/libopencm3_stm32f1.a(gpio_common_all.o)
 .text.gpio_port_write
                0x0000000000000000        0x4 ./libopencm3//lib/libopencm3_stm32f1.a(gpio_common_all.o)
 .text.gpio_port_config_lock
                0x0000000000000000       0x10 ./libopencm3//lib/libopencm3_stm32f1.a(gpio_common_all.o)
 .text          0x0000000000000000        0x0 ./libopencm3//lib/libopencm3_stm32f1.a(i2c_common_all.o)
 .data          0x0000000000000000        0x0 ./libopencm3//lib/libopencm3_stm32f1.a(i2c_common_all.o)
 .bss           0x0000000000000000        0x0 ./libopencm3//lib/libopencm3_stm32f1.a(i2c_common_all.o)
 .text.i2c_clear_stop
                0x0000000000000000        0xa ./libopencm3//lib/libopencm3_stm32f1.a(i2c_common_all.o)
 .text.i2c_set_own_7bit_slave_address
                0x0000000000000000        0xa ./libopencm3//lib/libopencm3_stm32f1.a(i2c_common_all.o)
 .text.i2c_set_own_10bit_slave_address
                0x0000000000000000        0x8 ./libopencm3//lib/libopencm3_stm32f1.a(i2c_common_all.o)
 .text.i2c_set_own_7bit_slave_address_two
                0x0000000000000000        0x6 ./libopencm3//lib/libopencm3_stm32f1.a(i2c_common_all.o)
 .text.i2c_enable_dual_addressing_mode
                0x0000000000000000        0xa ./libopencm3//lib/libopencm3_stm32f1.a(i2c_common_all.o)
 .text.i2c_disable_dual_addressing_mode
                0x0000000000000000        0xa ./libopencm3//lib/libopencm3_stm32f1.a(i2c_common_all.o)
 .text.i2c_set_fast_mode
                0x0000000000000000        0xa ./libopencm3//lib/libopencm3_stm32f1.a(i2c_common_all.o)
 .text.i2c_send_7bit_address
                0x0000000000000000        0xa ./libopencm3//lib/libopencm3_stm32f1.a(i2c_common_all.o)
 .text.i2c_disable_interrupt
                0x0000000000000000        0xa ./libopencm3//lib/libopencm3_stm32f1.a(i2c_common_all.o)
 .text.i2c_disable_ack
                0x0000000000000000        0xa ./libopencm3//lib/libopencm3_stm32f1.a(i2c_common_all.o)
 .text.i2c_nack_next
                0x0000000000000000        0xa ./libopencm3//lib/libopencm3_stm32f1.a(i2c_common_all.o)
 .text.i2c_enable_dma
                0x0000000000000000        0xa ./libopencm3//lib/libopencm3_stm32f1.a(i2c_common_all.o)
 .text.i2c_disable_dma
                0x0000000000000000        0xa ./libopencm3//lib/libopencm3_stm32f1.a(i2c_common_all.o)
 .text.i2c_set_dma_last_transfer
                0x0000000000000000        0xa ./libopencm3//lib/libopencm3_stm32f1.a(i2c_common_all.o)
 .text.i2c_clear_dma_last_transfer
                0x0000000000000000        0xa ./libopencm3//lib/libopencm3_stm32f1.a(i2c_common_all.o)
 .text          0x0000000000000000        0x0 ./libopencm3//lib/libopencm3_stm32f1.a(timer_common_all.o)
 .data          0x0000000000000000        0x0 ./libopencm3//lib/libopencm3_stm32f1.a(timer_common_all.o)
 .bss           0x0000000000000000        0x0 ./libopencm3//lib/libopencm3_stm32f1.a(timer_common_all.o)
 .text.timer_reset
                0x0000000000000000       0x8c ./libopencm3//lib/libopencm3_stm32f1.a(timer_common_all.o)
 .text.timer_disable_irq
                0x0000000000000000        0xa ./libopencm3//lib/libopencm3_stm32f1.a(timer_common_all.o)
 .text.timer_interrupt_source
                0x0000000000000000       0x44 ./libopencm3//lib/libopencm3_stm32f1.a(timer_common_all.o)
 .text.timer_get_flag
                0x0000000000000000        0xc ./libopencm3//lib/libopencm3_stm32f1.a(timer_common_all.o)
 .text.timer_set_clock_division
                0x0000000000000000       0x14 ./libopencm3//lib/libopencm3_stm32f1.a(timer_common_all.o)
 .text.timer_enable_preload
                0x0000000000000000        0xa ./libopencm3//lib/libopencm3_stm32f1.a(timer_common_all.o)
 .text.timer_set_alignment
                0x0000000000000000       0x14 ./libopencm3//lib/libopencm3_stm32f1.a(timer_common_all.o)
 .text.timer_direction_up
                0x0000000000000000        0xa ./libopencm3//lib/libopencm3_stm32f1.a(timer_common_all.o)
 .text.timer_direction_down
                0x0000000000000000        0xa ./libopencm3//lib/libopencm3_stm32f1.a(timer_common_all.o)
 .text.timer_one_shot_mode
                0x0000000000000000        0xa ./libopencm3//lib/libopencm3_stm32f1.a(timer_common_all.o)
 .text.timer_update_on_any
                0x0000000000000000        0xa ./libopencm3//lib/libopencm3_stm32f1.a(timer_common_all.o)
 .text.timer_update_on_overflow
                0x0000000000000000        0xa ./libopencm3//lib/libopencm3_stm32f1.a(timer_common_all.o)
 .text.timer_enable_update_event
                0x0000000000000000        0xa ./libopencm3//lib/libopencm3_stm32f1.a(timer_common_all.o)
 .text.timer_disable_update_event
                0x0000000000000000        0xa ./libopencm3//lib/libopencm3_stm32f1.a(timer_common_all.o)
 .text.timer_disable_counter
                0x0000000000000000        0xa ./libopencm3//lib/libopencm3_stm32f1.a(timer_common_all.o)
 .text.timer_set_output_idle_state
                0x0000000000000000       0x24 ./libopencm3//lib/libopencm3_stm32f1.a(timer_common_all.o)
 .text.timer_reset_output_idle_state
                0x0000000000000000       0x24 ./libopencm3//lib/libopencm3_stm32f1.a(timer_common_all.o)
 .text.timer_set_ti1_ch123_xor
                0x0000000000000000        0xa ./libopencm3//lib/libopencm3_stm32f1.a(timer_common_all.o)
 .text.timer_set_ti1_ch1
                0x0000000000000000        0xa ./libopencm3//lib/libopencm3_stm32f1.a(timer_common_all.o)
 .text.timer_set_master_mode
                0x0000000000000000       0x10 ./libopencm3//lib/libopencm3_stm32f1.a(timer_common_all.o)
 .text.timer_set_dma_on_compare_event
                0x0000000000000000        0xa ./libopencm3//lib/libopencm3_stm32f1.a(timer_common_all.o)
 .text.timer_set_dma_on_update_event
                0x0000000000000000        0xa ./libopencm3//lib/libopencm3_stm32f1.a(timer_common_all.o)
 .text.timer_enable_compare_control_update_on_trigger
                0x0000000000000000       0x20 ./libopencm3//lib/libopencm3_stm32f1.a(timer_common_all.o)
 .text.timer_disable_compare_control_update_on_trigger
                0x0000000000000000       0x20 ./libopencm3//lib/libopencm3_stm32f1.a(timer_common_all.o)
 .text.timer_enable_preload_complementry_enable_bits
                0x0000000000000000       0x20 ./libopencm3//lib/libopencm3_stm32f1.a(timer_common_all.o)
 .text.timer_disable_preload_complementry_enable_bits
                0x0000000000000000       0x20 ./libopencm3//lib/libopencm3_stm32f1.a(timer_common_all.o)
 .text.timer_set_repetition_counter
                0x0000000000000000       0x18 ./libopencm3//lib/libopencm3_stm32f1.a(timer_common_all.o)
 .text.timer_enable_oc_clear
                0x0000000000000000       0x36 ./libopencm3//lib/libopencm3_stm32f1.a(timer_common_all.o)
 .text.timer_disable_oc_clear
                0x0000000000000000       0x36 ./libopencm3//lib/libopencm3_stm32f1.a(timer_common_all.o)
 .text.timer_set_oc_fast_mode
                0x0000000000000000       0x36 ./libopencm3//lib/libopencm3_stm32f1.a(timer_common_all.o)
 .text.timer_set_oc_slow_mode
                0x0000000000000000       0x36 ./libopencm3//lib/libopencm3_stm32f1.a(timer_common_all.o)
 .text.timer_set_oc_mode
                0x0000000000000000      0x19a ./libopencm3//lib/libopencm3_stm32f1.a(timer_common_all.o)
 .text.timer_disable_oc_preload
                0x0000000000000000       0x36 ./libopencm3//lib/libopencm3_stm32f1.a(timer_common_all.o)
 .text.timer_set_oc_polarity_high
                0x0000000000000000       0x6c ./libopencm3//lib/libopencm3_stm32f1.a(timer_common_all.o)
 .text.timer_set_oc_polarity_low
                0x0000000000000000       0x6c ./libopencm3//lib/libopencm3_stm32f1.a(timer_common_all.o)
 .text.timer_enable_oc_output
                0x0000000000000000       0x6c ./libopencm3//lib/libopencm3_stm32f1.a(timer_common_all.o)
 .text.timer_disable_oc_output
                0x0000000000000000       0x6c ./libopencm3//lib/libopencm3_stm32f1.a(timer_common_all.o)
 .text.timer_set_oc_idle_state_set
                0x0000000000000000       0x60 ./libopencm3//lib/libopencm3_stm32f1.a(timer_common_all.o)
 .text.timer_set_oc_idle_state_unset
                0x0000000000000000       0x60 ./libopencm3//lib/libopencm3_stm32f1.a(timer_common_all.o)
 .text.timer_enable_break_main_output
                0x0000000000000000       0x20 ./libopencm3//lib/libopencm3_stm32f1.a(timer_common_all.o)
 .text.timer_disable_break_main_output
                0x0000000000000000       0x20 ./libopencm3//lib/libopencm3_stm32f1.a(timer_common_all.o)
 .text.timer_enable_break_automatic_output
                0x0000000000000000       0x20 ./libopencm3//lib/libopencm3_stm32f1.a(timer_common_all.o)
 .text.timer_disable_break_automatic_output
                0x0000000000000000       0x20 ./libopencm3//lib/libopencm3_stm32f1.a(timer_common_all.o)
 .text.timer_set_break_polarity_high
                0x0000000000000000       0x20 ./libopencm3//lib/libopencm3_stm32f1.a(timer_common_all.o)
 .text.timer_set_break_polarity_low
                0x0000000000000000       0x20 ./libopencm3//lib/libopencm3_stm32f1.a(timer_common_all.o)
 .text.timer_enable_break
                0x0000000000000000       0x20 ./libopencm3//lib/libopencm3_stm32f1.a(timer_common_all.o)
 .text.timer_disable_break
                0x0000000000000000       0x20 ./libopencm3//lib/libopencm3_stm32f1.a(timer_common_all.o)
 .text.timer_set_enabled_off_state_in_run_mode
                0x0000000000000000       0x20 ./libopencm3//lib/libopencm3_stm32f1.a(timer_common_all.o)
 .text.timer_set_disabled_off_state_in_run_mode
                0x0000000000000000       0x20 ./libopencm3//lib/libopencm3_stm32f1.a(timer_common_all.o)
 .text.timer_set_enabled_off_state_in_idle_mode
                0x0000000000000000       0x20 ./libopencm3//lib/libopencm3_stm32f1.a(timer_common_all.o)
 .text.timer_set_disabled_off_state_in_idle_mode
                0x0000000000000000       0x20 ./libopencm3//lib/libopencm3_stm32f1.a(timer_common_all.o)
 .text.timer_set_break_lock
                0x0000000000000000       0x20 ./libopencm3//lib/libopencm3_stm32f1.a(timer_common_all.o)
 .text.timer_set_deadtime
                0x0000000000000000       0x20 ./libopencm3//lib/libopencm3_stm32f1.a(timer_common_all.o)
 .text.timer_generate_event
                0x0000000000000000        0x8 ./libopencm3//lib/libopencm3_stm32f1.a(timer_common_all.o)
 .text.timer_get_counter
                0x0000000000000000        0x4 ./libopencm3//lib/libopencm3_stm32f1.a(timer_common_all.o)
 .text.timer_set_counter
                0x0000000000000000        0x4 ./libopencm3//lib/libopencm3_stm32f1.a(timer_common_all.o)
 .text.timer_ic_set_filter
                0x0000000000000000       0x52 ./libopencm3//lib/libopencm3_stm32f1.a(timer_common_all.o)
 .text.timer_ic_set_prescaler
                0x0000000000000000       0x52 ./libopencm3//lib/libopencm3_stm32f1.a(timer_common_all.o)
 .text.timer_ic_set_input
                0x0000000000000000       0x66 ./libopencm3//lib/libopencm3_stm32f1.a(timer_common_all.o)
 .text.timer_ic_enable
                0x0000000000000000       0x12 ./libopencm3//lib/libopencm3_stm32f1.a(timer_common_all.o)
 .text.timer_ic_disable
                0x0000000000000000       0x12 ./libopencm3//lib/libopencm3_stm32f1.a(timer_common_all.o)
 .text.timer_slave_set_filter
                0x0000000000000000       0x12 ./libopencm3//lib/libopencm3_stm32f1.a(timer_common_all.o)
 .text.timer_slave_set_prescaler
                0x0000000000000000       0x12 ./libopencm3//lib/libopencm3_stm32f1.a(timer_common_all.o)
 .text.timer_slave_set_polarity
                0x0000000000000000       0x14 ./libopencm3//lib/libopencm3_stm32f1.a(timer_common_all.o)
 .text.timer_slave_set_mode
                0x0000000000000000       0x10 ./libopencm3//lib/libopencm3_stm32f1.a(timer_common_all.o)
 .text.timer_slave_set_trigger
                0x0000000000000000       0x10 ./libopencm3//lib/libopencm3_stm32f1.a(timer_common_all.o)
 .text          0x0000000000000000        0x0 ./libopencm3//lib/libopencm3_stm32f1.a(usart_common_all.o)
 .data          0x0000000000000000        0x0 ./libopencm3//lib/libopencm3_stm32f1.a(usart_common_all.o)
 .bss           0x0000000000000000        0x0 ./libopencm3//lib/libopencm3_stm32f1.a(usart_common_all.o)
 .text.usart_disable
                0x0000000000000000        0xa ./libopencm3//lib/libopencm3_stm32f1.a(usart_common_all.o)
 .text.usart_recv_blocking
                0x0000000000000000       0x12 ./libopencm3//lib/libopencm3_stm32f1.a(usart_common_all.o)
 .text.usart_enable_rx_dma
                0x0000000000000000        0xa ./libopencm3//lib/libopencm3_stm32f1.a(usart_common_all.o)
 .text.usart_disable_rx_dma
                0x0000000000000000        0xa ./libopencm3//lib/libopencm3_stm32f1.a(usart_common_all.o)
 .text.usart_enable_tx_dma
                0x0000000000000000        0xa ./libopencm3//lib/libopencm3_stm32f1.a(usart_common_all.o)
 .text.usart_disable_tx_dma
                0x0000000000000000        0xa ./libopencm3//lib/libopencm3_stm32f1.a(usart_common_all.o)
 .text.usart_enable_rx_interrupt
                0x0000000000000000        0xa ./libopencm3//lib/libopencm3_stm32f1.a(usart_common_all.o)
 .text.usart_disable_rx_interrupt
                0x0000000000000000        0xa ./libopencm3//lib/libopencm3_stm32f1.a(usart_common_all.o)
 .text.usart_enable_tx_interrupt
                0x0000000000000000        0xa ./libopencm3//lib/libopencm3_stm32f1.a(usart_common_all.o)
 .text.usart_disable_tx_interrupt
                0x0000000000000000        0xa ./libopencm3//lib/libopencm3_stm32f1.a(usart_common_all.o)
 .text.usart_enable_error_interrupt
                0x0000000000000000        0xa ./libopencm3//lib/libopencm3_stm32f1.a(usart_common_all.o)
 .text.usart_disable_error_interrupt
                0x0000000000000000        0xa ./libopencm3//lib/libopencm3_stm32f1.a(usart_common_all.o)
 .text          0x0000000000000000        0x0 ./libopencm3//lib/libopencm3_stm32f1.a(usart_common_f124.o)
 .data          0x0000000000000000        0x0 ./libopencm3//lib/libopencm3_stm32f1.a(usart_common_f124.o)
 .bss           0x0000000000000000        0x0 ./libopencm3//lib/libopencm3_stm32f1.a(usart_common_f124.o)
 .text.usart_wait_recv_ready
                0x0000000000000000        0xa ./libopencm3//lib/libopencm3_stm32f1.a(usart_common_f124.o)
 .text.usart_get_flag
                0x0000000000000000        0xc ./libopencm3//lib/libopencm3_stm32f1.a(usart_common_f124.o)
 .text.usart_get_interrupt_source
                0x0000000000000000       0x2e ./libopencm3//lib/libopencm3_stm32f1.a(usart_common_f124.o)
 .text          0x0000000000000000        0x0 ./libopencm3//lib/libopencm3_stm32f1.a(rcc_common_all.o)
 .data          0x0000000000000000        0x0 ./libopencm3//lib/libopencm3_stm32f1.a(rcc_common_all.o)
 .bss           0x0000000000000000        0x0 ./libopencm3//lib/libopencm3_stm32f1.a(rcc_common_all.o)
 .text.rcc_peripheral_enable_clock
                0x0000000000000000        0xa ./libopencm3//lib/libopencm3_stm32f1.a(rcc_common_all.o)
 .text.rcc_peripheral_disable_clock
                0x0000000000000000        0xa ./libopencm3//lib/libopencm3_stm32f1.a(rcc_common_all.o)
 .text.rcc_peripheral_reset
                0x0000000000000000        0xa ./libopencm3//lib/libopencm3_stm32f1.a(rcc_common_all.o)
 .text.rcc_peripheral_clear_reset
                0x0000000000000000        0xa ./libopencm3//lib/libopencm3_stm32f1.a(rcc_common_all.o)
 .text.rcc_periph_clock_disable
                0x0000000000000000       0x1e ./libopencm3//lib/libopencm3_stm32f1.a(rcc_common_all.o)
 .text.rcc_periph_reset_hold
                0x0000000000000000       0x1e ./libopencm3//lib/libopencm3_stm32f1.a(rcc_common_all.o)
 .text.rcc_periph_reset_release
                0x0000000000000000       0x1e ./libopencm3//lib/libopencm3_stm32f1.a(rcc_common_all.o)
 .text.rcc_set_mco
                0x0000000000000000       0x14 ./libopencm3//lib/libopencm3_stm32f1.a(rcc_common_all.o)
 .text          0x0000000000000000        0x0 ./libopencm3//lib/libopencm3_stm32f1.a(flash_common_f01.o)
 .data          0x0000000000000000        0x0 ./libopencm3//lib/libopencm3_stm32f1.a(flash_common_f01.o)
 .bss           0x0000000000000000        0x0 ./libopencm3//lib/libopencm3_stm32f1.a(flash_common_f01.o)
 .text.flash_prefetch_buffer_enable
                0x0000000000000000       0x10 ./libopencm3//lib/libopencm3_stm32f1.a(flash_common_f01.o)
 .text.flash_prefetch_buffer_disable
                0x0000000000000000       0x10 ./libopencm3//lib/libopencm3_stm32f1.a(flash_common_f01.o)
 .text.flash_unlock
                0x0000000000000000       0x24 ./libopencm3//lib/libopencm3_stm32f1.a(flash_common_f01.o)
 .text.flash_lock
                0x0000000000000000       0x10 ./libopencm3//lib/libopencm3_stm32f1.a(flash_common_f01.o)
 .text.flash_clear_pgerr_flag
                0x0000000000000000       0x10 ./libopencm3//lib/libopencm3_stm32f1.a(flash_common_f01.o)
 .text.flash_clear_eop_flag
                0x0000000000000000       0x10 ./libopencm3//lib/libopencm3_stm32f1.a(flash_common_f01.o)
 .text.flash_clear_wrprterr_flag
                0x0000000000000000       0x10 ./libopencm3//lib/libopencm3_stm32f1.a(flash_common_f01.o)
 .text.flash_clear_bsy_flag
                0x0000000000000000       0x10 ./libopencm3//lib/libopencm3_stm32f1.a(flash_common_f01.o)
 .text.flash_wait_for_last_operation
                0x0000000000000000        0xe ./libopencm3//lib/libopencm3_stm32f1.a(flash_common_f01.o)
 .text.flash_program_word
                0x0000000000000000       0x18 ./libopencm3//lib/libopencm3_stm32f1.a(flash_common_f01.o)
 .text.flash_unlock_option_bytes
                0x0000000000000000       0x18 ./libopencm3//lib/libopencm3_stm32f1.a(flash_common_f01.o)
 .text.flash_erase_option_bytes
                0x0000000000000000       0x38 ./libopencm3//lib/libopencm3_stm32f1.a(flash_common_f01.o)
 .text.flash_program_option_bytes
                0x0000000000000000       0x34 ./libopencm3//lib/libopencm3_stm32f1.a(flash_common_f01.o)
 .text          0x0000000000000000        0x0 ./libopencm3//lib/libopencm3_stm32f1.a(vector.o)
 .data          0x0000000000000000        0x0 ./libopencm3//lib/libopencm3_stm32f1.a(vector.o)
 .bss           0x0000000000000000        0x0 ./libopencm3//lib/libopencm3_stm32f1.a(vector.o)
 .text          0x0000000000000000        0x0 ./libopencm3//lib/libopencm3_stm32f1.a(nvic.o)
 .data          0x0000000000000000        0x0 ./libopencm3//lib/libopencm3_stm32f1.a(nvic.o)
 .bss           0x0000000000000000        0x0 ./libopencm3//lib/libopencm3_stm32f1.a(nvic.o)
 .text.nvic_disable_irq
                0x0000000000000000       0x1c ./libopencm3//lib/libopencm3_stm32f1.a(nvic.o)
 .text.nvic_get_pending_irq
                0x0000000000000000       0x22 ./libopencm3//lib/libopencm3_stm32f1.a(nvic.o)
 .text.nvic_set_pending_irq
                0x0000000000000000       0x1a ./libopencm3//lib/libopencm3_stm32f1.a(nvic.o)
 .text.nvic_clear_pending_irq
                0x0000000000000000       0x1c ./libopencm3//lib/libopencm3_stm32f1.a(nvic.o)
 .text.nvic_get_irq_enabled
                0x0000000000000000       0x24 ./libopencm3//lib/libopencm3_stm32f1.a(nvic.o)
 .text.nvic_set_priority
                0x0000000000000000       0x20 ./libopencm3//lib/libopencm3_stm32f1.a(nvic.o)
 .text.nvic_get_active_irq
                0x0000000000000000       0x24 ./libopencm3//lib/libopencm3_stm32f1.a(nvic.o)
 .text.nvic_generate_software_interrupt
                0x0000000000000000       0x14 ./libopencm3//lib/libopencm3_stm32f1.a(nvic.o)
 .text          0x0000000000000000        0x0 ./libopencm3//lib/libopencm3_stm32f1.a(assert.o)
 .data          0x0000000000000000        0x0 ./libopencm3//lib/libopencm3_stm32f1.a(assert.o)
 .bss           0x0000000000000000        0x0 ./libopencm3//lib/libopencm3_stm32f1.a(assert.o)
 .debug_abbrev  0x0000000000000000       0x79 ./libopencm3//lib/libopencm3_stm32f1.a(assert.o)
 .debug_info    0x0000000000000000       0xe8 ./libopencm3//lib/libopencm3_stm32f1.a(assert.o)
 .debug_line    0x0000000000000000      0x15c ./libopencm3//lib/libopencm3_stm32f1.a(assert.o)
 .debug_macinfo
                0x0000000000000000     0x2fb6 ./libopencm3//lib/libopencm3_stm32f1.a(assert.o)
 .text.cm3_assert_failed
                0x0000000000000000        0x2 ./libopencm3//lib/libopencm3_stm32f1.a(assert.o)
 .text.cm3_assert_failed_verbose
                0x0000000000000000        0x6 ./libopencm3//lib/libopencm3_stm32f1.a(assert.o)
 .debug_loc     0x0000000000000000       0x20 ./libopencm3//lib/libopencm3_stm32f1.a(assert.o)
 .debug_pubnames
                0x0000000000000000       0x46 ./libopencm3//lib/libopencm3_stm32f1.a(assert.o)
 .debug_pubtypes
                0x0000000000000000       0x12 ./libopencm3//lib/libopencm3_stm32f1.a(assert.o)
 .debug_aranges
                0x0000000000000000       0x28 ./libopencm3//lib/libopencm3_stm32f1.a(assert.o)
 .debug_ranges  0x0000000000000000       0x18 ./libopencm3//lib/libopencm3_stm32f1.a(assert.o)
 .debug_str     0x0000000000000000      0x11f ./libopencm3//lib/libopencm3_stm32f1.a(assert.o)
 .comment       0x0000000000000000       0x2b ./libopencm3//lib/libopencm3_stm32f1.a(assert.o)
 .ARM.attributes
                0x0000000000000000       0x31 ./libopencm3//lib/libopencm3_stm32f1.a(assert.o)
 .debug_frame   0x0000000000000000       0x38 ./libopencm3//lib/libopencm3_stm32f1.a(assert.o)
 .text          0x0000000000000000        0x0 ./libopencm3//lib/libopencm3_stm32f1.a(flash.o)
 .data          0x0000000000000000        0x0 ./libopencm3//lib/libopencm3_stm32f1.a(flash.o)
 .bss           0x0000000000000000        0x0 ./libopencm3//lib/libopencm3_stm32f1.a(flash.o)
 .debug_abbrev  0x0000000000000000       0xee ./libopencm3//lib/libopencm3_stm32f1.a(flash.o)
 .debug_info    0x0000000000000000      0x1e4 ./libopencm3//lib/libopencm3_stm32f1.a(flash.o)
 .debug_line    0x0000000000000000      0x31c ./libopencm3//lib/libopencm3_stm32f1.a(flash.o)
 .debug_macinfo
                0x0000000000000000     0x450f ./libopencm3//lib/libopencm3_stm32f1.a(flash.o)
 .text.flash_halfcycle_enable
                0x0000000000000000       0x10 ./libopencm3//lib/libopencm3_stm32f1.a(flash.o)
 .text.flash_halfcycle_disable
                0x0000000000000000       0x10 ./libopencm3//lib/libopencm3_stm32f1.a(flash.o)
 .text.flash_unlock_upper
                0x0000000000000000       0x34 ./libopencm3//lib/libopencm3_stm32f1.a(flash.o)
 .text.flash_lock_upper
                0x0000000000000000       0x10 ./libopencm3//lib/libopencm3_stm32f1.a(flash.o)
 .text.flash_clear_pgerr_flag_upper
                0x0000000000000000       0x20 ./libopencm3//lib/libopencm3_stm32f1.a(flash.o)
 .text.flash_clear_eop_flag_upper
                0x0000000000000000       0x20 ./libopencm3//lib/libopencm3_stm32f1.a(flash.o)
 .text.flash_clear_wrprterr_flag_upper
                0x0000000000000000       0x20 ./libopencm3//lib/libopencm3_stm32f1.a(flash.o)
 .text.flash_clear_bsy_flag_upper
                0x0000000000000000       0x20 ./libopencm3//lib/libopencm3_stm32f1.a(flash.o)
 .text.flash_clear_status_flags
                0x0000000000000000       0x38 ./libopencm3//lib/libopencm3_stm32f1.a(flash.o)
 .text.flash_get_status_flags
                0x0000000000000000       0x2c ./libopencm3//lib/libopencm3_stm32f1.a(flash.o)
 .text.flash_program_half_word
                0x0000000000000000       0x64 ./libopencm3//lib/libopencm3_stm32f1.a(flash.o)
 .text.flash_erase_page
                0x0000000000000000       0x7c ./libopencm3//lib/libopencm3_stm32f1.a(flash.o)
 .text.flash_erase_all_pages
                0x0000000000000000       0x48 ./libopencm3//lib/libopencm3_stm32f1.a(flash.o)
 .debug_loc     0x0000000000000000       0xed ./libopencm3//lib/libopencm3_stm32f1.a(flash.o)
 .debug_pubnames
                0x0000000000000000      0x17b ./libopencm3//lib/libopencm3_stm32f1.a(flash.o)
 .debug_pubtypes
                0x0000000000000000       0x2c ./libopencm3//lib/libopencm3_stm32f1.a(flash.o)
 .debug_aranges
                0x0000000000000000       0x80 ./libopencm3//lib/libopencm3_stm32f1.a(flash.o)
 .debug_ranges  0x0000000000000000       0x70 ./libopencm3//lib/libopencm3_stm32f1.a(flash.o)
 .debug_str     0x0000000000000000      0x22f ./libopencm3//lib/libopencm3_stm32f1.a(flash.o)
 .comment       0x0000000000000000       0x2b ./libopencm3//lib/libopencm3_stm32f1.a(flash.o)
 .ARM.attributes
                0x0000000000000000       0x31 ./libopencm3//lib/libopencm3_stm32f1.a(flash.o)
 .debug_frame   0x0000000000000000      0x104 ./libopencm3//lib/libopencm3_stm32f1.a(flash.o)

Memory Configuration

Name             Origin             Length             Attributes
rom              0x0000000008000000 0x0000000000010000 xr
ram              0x0000000020000000 0x0000000000005000 xrw
*default*        0x0000000000000000 0xffffffffffffffff

Linker script and memory map

LOAD ins.o
LOAD ./libopencm3//lib/libopencm3_stm32f1.a
START GROUP
LOAD /usr/lib/gcc/arm-none-eabi/4.9.3/../../../arm-none-eabi/lib/armv7-m/libc.a
LOAD /usr/lib/gcc/arm-none-eabi/4.9.3/armv7-m/libgcc.a
LOAD /usr/lib/gcc/arm-none-eabi/4.9.3/../../../arm-none-eabi/lib/armv7-m/libnosys.a
END GROUP
START GROUP
LOAD /usr/lib/gcc/arm-none-eabi/4.9.3/armv7-m/libgcc.a
LOAD /usr/lib/gcc/arm-none-eabi/4.9.3/../../../arm-none-eabi/lib/armv7-m/libc.a
END GROUP

.text           0x0000000008000000      0xb9c
 *(.vectors)
 .vectors       0x0000000008000000      0x150 ./libopencm3//lib/libopencm3_stm32f1.a(vector.o)
                0x0000000008000000                vector_table
 *(.text*)
 .text.gpio_setup
                0x0000000008000150       0x38 ins.o
                0x0000000008000150                gpio_setup
 .text.usart_send_32
                0x0000000008000188       0x58 ins.o
                0x0000000008000188                usart_send_32
 .text.i2c1_ev_isr
                0x00000000080001e0      0x11c ins.o
                0x00000000080001e0                i2c1_ev_isr
 .text.i2c1_er_isr
                0x00000000080002fc        0xc ins.o
                0x00000000080002fc                i2c1_er_isr
 .text.i2c1_setup
                0x0000000008000308       0x68 ins.o
                0x0000000008000308                i2c1_setup
 .text.i2c1_read
                0x0000000008000370       0x2c ins.o
                0x0000000008000370                i2c1_read
 .text.usart1_isr
                0x000000000800039c       0xe0 ins.o
                0x000000000800039c                usart1_isr
 .text.tim_setup
                0x000000000800047c       0x78 ins.o
                0x000000000800047c                tim_setup
 .text.tim1_up_isr
                0x00000000080004f4       0x20 ins.o
                0x00000000080004f4                tim1_up_isr
 .text.tim1_cc_isr
                0x0000000008000514       0x58 ins.o
                0x0000000008000514                tim1_cc_isr
 .text.clock_setup
                0x000000000800056c       0x42 ins.o
                0x000000000800056c                clock_setup
 *fill*         0x00000000080005ae        0x2 
 .text.startup.main
                0x00000000080005b0       0x84 ins.o
                0x00000000080005b0                main
 .text.gpio_set_mode
                0x0000000008000634       0x6e ./libopencm3//lib/libopencm3_stm32f1.a(gpio.o)
                0x0000000008000634                gpio_set_mode
 *fill*         0x00000000080006a2        0x2 
 .text.rcc_set_hpre.clone.0
                0x00000000080006a4       0x10 ./libopencm3//lib/libopencm3_stm32f1.a(rcc.o)
 .text.rcc_set_ppre2.clone.1
                0x00000000080006b4       0x10 ./libopencm3//lib/libopencm3_stm32f1.a(rcc.o)
 .text.rcc_is_osc_ready
                0x00000000080006c4       0x5c ./libopencm3//lib/libopencm3_stm32f1.a(rcc.o)
                0x00000000080006c4                rcc_is_osc_ready
 .text.rcc_wait_for_osc_ready
                0x0000000008000720       0x10 ./libopencm3//lib/libopencm3_stm32f1.a(rcc.o)
                0x0000000008000720                rcc_wait_for_osc_ready
 .text.rcc_osc_on
                0x0000000008000730       0x60 ./libopencm3//lib/libopencm3_stm32f1.a(rcc.o)
                0x0000000008000730                rcc_osc_on
 .text.rcc_set_sysclk_source
                0x0000000008000790       0x14 ./libopencm3//lib/libopencm3_stm32f1.a(rcc.o)
                0x0000000008000790                rcc_set_sysclk_source
 .text.rcc_set_pll_multiplication_factor
                0x00000000080007a4       0x14 ./libopencm3//lib/libopencm3_stm32f1.a(rcc.o)
                0x00000000080007a4                rcc_set_pll_multiplication_factor
 .text.rcc_set_pll_source
                0x00000000080007b8       0x14 ./libopencm3//lib/libopencm3_stm32f1.a(rcc.o)
                0x00000000080007b8                rcc_set_pll_source
 .text.rcc_set_pllxtpre
                0x00000000080007cc       0x14 ./libopencm3//lib/libopencm3_stm32f1.a(rcc.o)
                0x00000000080007cc                rcc_set_pllxtpre
 .text.rcc_set_adcpre
                0x00000000080007e0       0x14 ./libopencm3//lib/libopencm3_stm32f1.a(rcc.o)
                0x00000000080007e0                rcc_set_adcpre
 .text.rcc_set_ppre1
                0x00000000080007f4       0x14 ./libopencm3//lib/libopencm3_stm32f1.a(rcc.o)
                0x00000000080007f4                rcc_set_ppre1
 .text.rcc_clock_setup_in_hse_8mhz_out_72mhz
                0x0000000008000808       0x8c ./libopencm3//lib/libopencm3_stm32f1.a(rcc.o)
                0x0000000008000808                rcc_clock_setup_in_hse_8mhz_out_72mhz
 .text.gpio_set
                0x0000000008000894        0x4 ./libopencm3//lib/libopencm3_stm32f1.a(gpio_common_all.o)
                0x0000000008000894                gpio_set
 .text.gpio_clear
                0x0000000008000898        0x6 ./libopencm3//lib/libopencm3_stm32f1.a(gpio_common_all.o)
                0x0000000008000898                gpio_clear
 *fill*         0x000000000800089e        0x2 
 .text.i2c_reset
                0x00000000080008a0       0x28 ./libopencm3//lib/libopencm3_stm32f1.a(i2c_common_all.o)
                0x00000000080008a0                i2c_reset
 .text.i2c_peripheral_enable
                0x00000000080008c8        0xa ./libopencm3//lib/libopencm3_stm32f1.a(i2c_common_all.o)
                0x00000000080008c8                i2c_peripheral_enable
 .text.i2c_peripheral_disable
                0x00000000080008d2        0xa ./libopencm3//lib/libopencm3_stm32f1.a(i2c_common_all.o)
                0x00000000080008d2                i2c_peripheral_disable
 .text.i2c_send_start
                0x00000000080008dc        0xa ./libopencm3//lib/libopencm3_stm32f1.a(i2c_common_all.o)
                0x00000000080008dc                i2c_send_start
 .text.i2c_send_stop
                0x00000000080008e6        0xa ./libopencm3//lib/libopencm3_stm32f1.a(i2c_common_all.o)
                0x00000000080008e6                i2c_send_stop
 .text.i2c_set_clock_frequency
                0x00000000080008f0       0x10 ./libopencm3//lib/libopencm3_stm32f1.a(i2c_common_all.o)
                0x00000000080008f0                i2c_set_clock_frequency
 .text.i2c_send_data
                0x0000000008000900        0x4 ./libopencm3//lib/libopencm3_stm32f1.a(i2c_common_all.o)
                0x0000000008000900                i2c_send_data
 .text.i2c_set_standard_mode
                0x0000000008000904        0xa ./libopencm3//lib/libopencm3_stm32f1.a(i2c_common_all.o)
                0x0000000008000904                i2c_set_standard_mode
 .text.i2c_set_ccr
                0x000000000800090e        0xc ./libopencm3//lib/libopencm3_stm32f1.a(i2c_common_all.o)
                0x000000000800090e                i2c_set_ccr
 .text.i2c_set_trise
                0x000000000800091a        0x4 ./libopencm3//lib/libopencm3_stm32f1.a(i2c_common_all.o)
                0x000000000800091a                i2c_set_trise
 .text.i2c_get_data
                0x000000000800091e        0x6 ./libopencm3//lib/libopencm3_stm32f1.a(i2c_common_all.o)
                0x000000000800091e                i2c_get_data
 .text.i2c_enable_interrupt
                0x0000000008000924        0x8 ./libopencm3//lib/libopencm3_stm32f1.a(i2c_common_all.o)
                0x0000000008000924                i2c_enable_interrupt
 .text.i2c_enable_ack
                0x000000000800092c        0xa ./libopencm3//lib/libopencm3_stm32f1.a(i2c_common_all.o)
                0x000000000800092c                i2c_enable_ack
 .text.i2c_nack_current
                0x0000000008000936        0xa ./libopencm3//lib/libopencm3_stm32f1.a(i2c_common_all.o)
                0x0000000008000936                i2c_nack_current
 .text.i2c_set_dutycycle
                0x0000000008000940       0x14 ./libopencm3//lib/libopencm3_stm32f1.a(i2c_common_all.o)
                0x0000000008000940                i2c_set_dutycycle
 .text.timer_enable_irq
                0x0000000008000954        0x8 ./libopencm3//lib/libopencm3_stm32f1.a(timer_common_all.o)
                0x0000000008000954                timer_enable_irq
 .text.timer_clear_flag
                0x000000000800095c        0x6 ./libopencm3//lib/libopencm3_stm32f1.a(timer_common_all.o)
                0x000000000800095c                timer_clear_flag
 .text.timer_set_mode
                0x0000000008000962       0x14 ./libopencm3//lib/libopencm3_stm32f1.a(timer_common_all.o)
                0x0000000008000962                timer_set_mode
 .text.timer_disable_preload
                0x0000000008000976        0xa ./libopencm3//lib/libopencm3_stm32f1.a(timer_common_all.o)
                0x0000000008000976                timer_disable_preload
 .text.timer_continuous_mode
                0x0000000008000980        0xa ./libopencm3//lib/libopencm3_stm32f1.a(timer_common_all.o)
                0x0000000008000980                timer_continuous_mode
 .text.timer_enable_counter
                0x000000000800098a        0xa ./libopencm3//lib/libopencm3_stm32f1.a(timer_common_all.o)
                0x000000000800098a                timer_enable_counter
 .text.timer_set_prescaler
                0x0000000008000994        0x4 ./libopencm3//lib/libopencm3_stm32f1.a(timer_common_all.o)
                0x0000000008000994                timer_set_prescaler
 .text.timer_set_period
                0x0000000008000998        0x4 ./libopencm3//lib/libopencm3_stm32f1.a(timer_common_all.o)
                0x0000000008000998                timer_set_period
 .text.timer_enable_oc_preload
                0x000000000800099c       0x36 ./libopencm3//lib/libopencm3_stm32f1.a(timer_common_all.o)
                0x000000000800099c                timer_enable_oc_preload
 .text.timer_set_oc_value
                0x00000000080009d2       0x20 ./libopencm3//lib/libopencm3_stm32f1.a(timer_common_all.o)
                0x00000000080009d2                timer_set_oc_value
 *fill*         0x00000000080009f2        0x2 
 .text.usart_set_baudrate
                0x00000000080009f4       0x28 ./libopencm3//lib/libopencm3_stm32f1.a(usart_common_all.o)
                0x00000000080009f4                usart_set_baudrate
 .text.usart_set_databits
                0x0000000008000a1c       0x12 ./libopencm3//lib/libopencm3_stm32f1.a(usart_common_all.o)
                0x0000000008000a1c                usart_set_databits
 .text.usart_set_stopbits
                0x0000000008000a2e        0xc ./libopencm3//lib/libopencm3_stm32f1.a(usart_common_all.o)
                0x0000000008000a2e                usart_set_stopbits
 .text.usart_set_parity
                0x0000000008000a3a        0xc ./libopencm3//lib/libopencm3_stm32f1.a(usart_common_all.o)
                0x0000000008000a3a                usart_set_parity
 .text.usart_set_mode
                0x0000000008000a46        0xc ./libopencm3//lib/libopencm3_stm32f1.a(usart_common_all.o)
                0x0000000008000a46                usart_set_mode
 .text.usart_set_flow_control
                0x0000000008000a52        0xc ./libopencm3//lib/libopencm3_stm32f1.a(usart_common_all.o)
                0x0000000008000a52                usart_set_flow_control
 .text.usart_enable
                0x0000000008000a5e        0xa ./libopencm3//lib/libopencm3_stm32f1.a(usart_common_all.o)
                0x0000000008000a5e                usart_enable
 .text.usart_send_blocking
                0x0000000008000a68       0x16 ./libopencm3//lib/libopencm3_stm32f1.a(usart_common_all.o)
                0x0000000008000a68                usart_send_blocking
 .text.usart_send
                0x0000000008000a7e        0x8 ./libopencm3//lib/libopencm3_stm32f1.a(usart_common_f124.o)
                0x0000000008000a7e                usart_send
 .text.usart_recv
                0x0000000008000a86        0x8 ./libopencm3//lib/libopencm3_stm32f1.a(usart_common_f124.o)
                0x0000000008000a86                usart_recv
 .text.usart_wait_send_ready
                0x0000000008000a8e        0xa ./libopencm3//lib/libopencm3_stm32f1.a(usart_common_f124.o)
                0x0000000008000a8e                usart_wait_send_ready
 .text.rcc_periph_clock_enable
                0x0000000008000a98       0x1e ./libopencm3//lib/libopencm3_stm32f1.a(rcc_common_all.o)
                0x0000000008000a98                rcc_periph_clock_enable
 .text.rcc_periph_reset_pulse
                0x0000000008000ab6       0x24 ./libopencm3//lib/libopencm3_stm32f1.a(rcc_common_all.o)
                0x0000000008000ab6                rcc_periph_reset_pulse
 *fill*         0x0000000008000ada        0x2 
 .text.flash_set_ws
                0x0000000008000adc       0x14 ./libopencm3//lib/libopencm3_stm32f1.a(flash_common_f01.o)
                0x0000000008000adc                flash_set_ws
 .text.reset_handler
                0x0000000008000af0       0x8c ./libopencm3//lib/libopencm3_stm32f1.a(vector.o)
                0x0000000008000af0                reset_handler
 .text.blocking_handler
                0x0000000008000b7c        0x2 ./libopencm3//lib/libopencm3_stm32f1.a(vector.o)
                0x0000000008000b7c                usart3_isr
                0x0000000008000b7c                rtc_isr
                0x0000000008000b7c                tim7_isr
                0x0000000008000b7c                adc1_2_isr
                0x0000000008000b7c                tim1_trg_com_isr
                0x0000000008000b7c                usb_hp_can_tx_isr
                0x0000000008000b7c                tim6_isr
                0x0000000008000b7c                usb_wakeup_isr
                0x0000000008000b7c                blocking_handler
                0x0000000008000b7c                tim5_isr
                0x0000000008000b7c                otg_fs_isr
                0x0000000008000b7c                spi1_isr
                0x0000000008000b7c                dma1_channel6_isr
                0x0000000008000b7c                exti2_isr
                0x0000000008000b7c                can_rx1_isr
                0x0000000008000b7c                dma1_channel5_isr
                0x0000000008000b7c                dma2_channel5_isr
                0x0000000008000b7c                usage_fault_handler
                0x0000000008000b7c                tim8_trg_com_isr
                0x0000000008000b7c                can2_rx0_isr
                0x0000000008000b7c                tim1_brk_isr
                0x0000000008000b7c                can2_rx1_isr
                0x0000000008000b7c                sdio_isr
                0x0000000008000b7c                eth_isr
                0x0000000008000b7c                dma1_channel4_isr
                0x0000000008000b7c                tim8_brk_isr
                0x0000000008000b7c                dma2_channel4_5_isr
                0x0000000008000b7c                pvd_isr
                0x0000000008000b7c                rcc_isr
                0x0000000008000b7c                flash_isr
                0x0000000008000b7c                uart4_isr
                0x0000000008000b7c                rtc_alarm_isr
                0x0000000008000b7c                exti15_10_isr
                0x0000000008000b7c                hard_fault_handler
                0x0000000008000b7c                exti1_isr
                0x0000000008000b7c                dma2_channel1_isr
                0x0000000008000b7c                spi2_isr
                0x0000000008000b7c                tim8_up_isr
                0x0000000008000b7c                dma2_channel2_isr
                0x0000000008000b7c                adc3_isr
                0x0000000008000b7c                exti3_isr
                0x0000000008000b7c                tim3_isr
                0x0000000008000b7c                usart2_isr
                0x0000000008000b7c                usb_lp_can_rx0_isr
                0x0000000008000b7c                i2c2_er_isr
                0x0000000008000b7c                i2c2_ev_isr
                0x0000000008000b7c                uart5_isr
                0x0000000008000b7c                fsmc_isr
                0x0000000008000b7c                dma1_channel1_isr
                0x0000000008000b7c                exti4_isr
                0x0000000008000b7c                mem_manage_handler
                0x0000000008000b7c                can2_tx_isr
                0x0000000008000b7c                exti9_5_isr
                0x0000000008000b7c                dma2_channel3_isr
                0x0000000008000b7c                dma1_channel7_isr
                0x0000000008000b7c                can2_sce_isr
                0x0000000008000b7c                tim4_isr
                0x0000000008000b7c                dma1_channel2_isr
                0x0000000008000b7c                can_sce_isr
                0x0000000008000b7c                tim8_cc_isr
                0x0000000008000b7c                tamper_isr
                0x0000000008000b7c                eth_wkup_isr
                0x0000000008000b7c                bus_fault_handler
                0x0000000008000b7c                wwdg_isr
                0x0000000008000b7c                dma1_channel3_isr
                0x0000000008000b7c                spi3_isr
                0x0000000008000b7c                tim2_isr
                0x0000000008000b7c                exti0_isr
 .text.null_handler
                0x0000000008000b7e        0x2 ./libopencm3//lib/libopencm3_stm32f1.a(vector.o)
                0x0000000008000b7e                null_handler
                0x0000000008000b7e                sv_call_handler
                0x0000000008000b7e                pend_sv_handler
                0x0000000008000b7e                debug_monitor_handler
                0x0000000008000b7e                sys_tick_handler
                0x0000000008000b7e                nmi_handler
 .text.nvic_enable_irq
                0x0000000008000b80       0x1c ./libopencm3//lib/libopencm3_stm32f1.a(nvic.o)
                0x0000000008000b80                nvic_enable_irq
                0x0000000008000b9c                . = ALIGN (0x4)
 *(.rodata*)
                0x0000000008000b9c                . = ALIGN (0x4)

.glue_7         0x0000000008000b9c        0x0
 .glue_7        0x0000000008000b9c        0x0 linker stubs

.glue_7t        0x0000000008000b9c        0x0
 .glue_7t       0x0000000008000b9c        0x0 linker stubs

.vfp11_veneer   0x0000000008000b9c        0x0
 .vfp11_veneer  0x0000000008000b9c        0x0 linker stubs

.v4_bx          0x0000000008000b9c        0x0
 .v4_bx         0x0000000008000b9c        0x0 linker stubs

.iplt           0x0000000008000b9c        0x0
 .iplt          0x0000000008000b9c        0x0 ins.o

.rel.dyn        0x0000000008000b9c        0x0
 .rel.iplt      0x0000000008000b9c        0x0 ins.o

.preinit_array  0x0000000008000b9c        0x0
                0x0000000008000b9c                . = ALIGN (0x4)
                0x0000000008000b9c                __preinit_array_start = .
 *(.preinit_array)
                0x0000000008000b9c                __preinit_array_end = .

.init_array     0x0000000008000b9c        0x0
                0x0000000008000b9c                . = ALIGN (0x4)
                0x0000000008000b9c                __init_array_start = .
 *(SORT(.init_array.*))
 *(.init_array)
                0x0000000008000b9c                __init_array_end = .

.fini_array     0x0000000008000b9c        0x0
                0x0000000008000b9c                . = ALIGN (0x4)
                0x0000000008000b9c                __fini_array_start = .
 *(.fini_array)
 *(SORT(.fini_array.*))
                0x0000000008000b9c                __fini_array_end = .

.ARM.extab
 *(.ARM.extab*)

.ARM.exidx      0x0000000008000b9c        0x0
                0x0000000008000b9c                __exidx_start = .
 *(.ARM.exidx*)
                0x0000000008000b9c                __exidx_end = .
                0x0000000008000b9c                . = ALIGN (0x4)
                0x0000000008000b9c                _etext = .

.data           0x0000000020000000       0x10 load address 0x0000000008000b9c
                0x0000000020000000                _data = .
 *(.data*)
 .data.upcount  0x0000000020000000        0x1 ins.o
                0x0000000020000000                upcount
 *fill*         0x0000000020000001        0x1 
 .data.compare_time
                0x0000000020000002        0x2 ins.o
                0x0000000020000002                compare_time
 .data.rcc_ahb_frequency
                0x0000000020000004        0x4 ./libopencm3//lib/libopencm3_stm32f1.a(rcc.o)
                0x0000000020000004                rcc_ahb_frequency
 .data.rcc_apb1_frequency
                0x0000000020000008        0x4 ./libopencm3//lib/libopencm3_stm32f1.a(rcc.o)
                0x0000000020000008                rcc_apb1_frequency
 .data.rcc_apb2_frequency
                0x000000002000000c        0x4 ./libopencm3//lib/libopencm3_stm32f1.a(rcc.o)
                0x000000002000000c                rcc_apb2_frequency
                0x0000000020000010                . = ALIGN (0x4)
                0x0000000020000010                _edata = .
                0x0000000008000b9c                _data_loadaddr = LOADADDR (.data)

.igot.plt       0x0000000020000010        0x0 load address 0x0000000008000bac
 .igot.plt      0x0000000020000010        0x0 ins.o

.bss            0x0000000020000010       0x20 load address 0x0000000008000bac
 *(.bss*)
 .bss.temp2     0x0000000020000010        0x1 ins.o
                0x0000000020000010                temp2
 *fill*         0x0000000020000011        0x3 
 .bss.usart1    0x0000000020000014       0x10 ins.o
                0x0000000020000014                usart1
 .bss.i2c       0x0000000020000024        0xc ins.o
                0x0000000020000024                i2c
 *(COMMON)
                0x0000000020000030                . = ALIGN (0x4)
                0x0000000020000030                _ebss = .

/DISCARD/
 *(.eh_frame)
                0x0000000020000030                . = ALIGN (0x4)
                0x0000000020000030                end = .
                0x0000000020005000                PROVIDE (_stack, (ORIGIN (ram) + LENGTH (ram)))
OUTPUT(ins.elf elf32-littlearm)

.debug_info     0x0000000000000000     0x4864
 .debug_info    0x0000000000000000     0x1140 ins.o
 .debug_info    0x0000000000001140      0x1c5 ./libopencm3//lib/libopencm3_stm32f1.a(gpio.o)
 .debug_info    0x0000000000001305      0x6d2 ./libopencm3//lib/libopencm3_stm32f1.a(rcc.o)
 .debug_info    0x00000000000019d7      0x209 ./libopencm3//lib/libopencm3_stm32f1.a(gpio_common_all.o)
 .debug_info    0x0000000000001be0      0x77a ./libopencm3//lib/libopencm3_stm32f1.a(i2c_common_all.o)
 .debug_info    0x000000000000235a     0x122a ./libopencm3//lib/libopencm3_stm32f1.a(timer_common_all.o)
 .debug_info    0x0000000000003584      0x480 ./libopencm3//lib/libopencm3_stm32f1.a(usart_common_all.o)
 .debug_info    0x0000000000003a04      0x1bb ./libopencm3//lib/libopencm3_stm32f1.a(usart_common_f124.o)
 .debug_info    0x0000000000003bbf      0x547 ./libopencm3//lib/libopencm3_stm32f1.a(rcc_common_all.o)
 .debug_info    0x0000000000004106      0x1f9 ./libopencm3//lib/libopencm3_stm32f1.a(flash_common_f01.o)
 .debug_info    0x00000000000042ff      0x353 ./libopencm3//lib/libopencm3_stm32f1.a(vector.o)
 .debug_info    0x0000000000004652      0x212 ./libopencm3//lib/libopencm3_stm32f1.a(nvic.o)

.debug_abbrev   0x0000000000000000      0xd13
 .debug_abbrev  0x0000000000000000      0x219 ins.o
 .debug_abbrev  0x0000000000000219       0xc9 ./libopencm3//lib/libopencm3_stm32f1.a(gpio.o)
 .debug_abbrev  0x00000000000002e2      0x1e5 ./libopencm3//lib/libopencm3_stm32f1.a(rcc.o)
 .debug_abbrev  0x00000000000004c7       0xd3 ./libopencm3//lib/libopencm3_stm32f1.a(gpio_common_all.o)
 .debug_abbrev  0x000000000000059a      0x154 ./libopencm3//lib/libopencm3_stm32f1.a(i2c_common_all.o)
 .debug_abbrev  0x00000000000006ee      0x157 ./libopencm3//lib/libopencm3_stm32f1.a(timer_common_all.o)
 .debug_abbrev  0x0000000000000845       0xe6 ./libopencm3//lib/libopencm3_stm32f1.a(usart_common_all.o)
 .debug_abbrev  0x000000000000092b       0xaf ./libopencm3//lib/libopencm3_stm32f1.a(usart_common_f124.o)
 .debug_abbrev  0x00000000000009da       0xcb ./libopencm3//lib/libopencm3_stm32f1.a(rcc_common_all.o)
 .debug_abbrev  0x0000000000000aa5       0xc6 ./libopencm3//lib/libopencm3_stm32f1.a(flash_common_f01.o)
 .debug_abbrev  0x0000000000000b6b      0x10a ./libopencm3//lib/libopencm3_stm32f1.a(vector.o)
 .debug_abbrev  0x0000000000000c75       0x9e ./libopencm3//lib/libopencm3_stm32f1.a(nvic.o)

.debug_loc      0x0000000000000000      0xe01
 .debug_loc     0x0000000000000000      0x204 ins.o
 .debug_loc     0x0000000000000204      0x115 ./libopencm3//lib/libopencm3_stm32f1.a(gpio.o)
 .debug_loc     0x0000000000000319      0x236 ./libopencm3//lib/libopencm3_stm32f1.a(rcc.o)
 .debug_loc     0x000000000000054f       0x7f ./libopencm3//lib/libopencm3_stm32f1.a(gpio_common_all.o)
 .debug_loc     0x00000000000005ce       0xf0 ./libopencm3//lib/libopencm3_stm32f1.a(i2c_common_all.o)
 .debug_loc     0x00000000000006be      0x2cf ./libopencm3//lib/libopencm3_stm32f1.a(timer_common_all.o)
 .debug_loc     0x000000000000098d      0x12d ./libopencm3//lib/libopencm3_stm32f1.a(usart_common_all.o)
 .debug_loc     0x0000000000000aba       0x80 ./libopencm3//lib/libopencm3_stm32f1.a(usart_common_f124.o)
 .debug_loc     0x0000000000000b3a       0x5f ./libopencm3//lib/libopencm3_stm32f1.a(rcc_common_all.o)
 .debug_loc     0x0000000000000b99       0xed ./libopencm3//lib/libopencm3_stm32f1.a(flash_common_f01.o)
 .debug_loc     0x0000000000000c86       0xc5 ./libopencm3//lib/libopencm3_stm32f1.a(vector.o)
 .debug_loc     0x0000000000000d4b       0xb6 ./libopencm3//lib/libopencm3_stm32f1.a(nvic.o)

.debug_aranges  0x0000000000000000      0x878
 .debug_aranges
                0x0000000000000000       0x80 ins.o
 .debug_aranges
                0x0000000000000080       0x38 ./libopencm3//lib/libopencm3_stm32f1.a(gpio.o)
 .debug_aranges
                0x00000000000000b8      0x170 ./libopencm3//lib/libopencm3_stm32f1.a(rcc.o)
 .debug_aranges
                0x0000000000000228       0x50 ./libopencm3//lib/libopencm3_stm32f1.a(gpio_common_all.o)
 .debug_aranges
                0x0000000000000278      0x108 ./libopencm3//lib/libopencm3_stm32f1.a(i2c_common_all.o)
 .debug_aranges
                0x0000000000000380      0x278 ./libopencm3//lib/libopencm3_stm32f1.a(timer_common_all.o)
 .debug_aranges
                0x00000000000005f8       0xb8 ./libopencm3//lib/libopencm3_stm32f1.a(usart_common_all.o)
 .debug_aranges
                0x00000000000006b0       0x48 ./libopencm3//lib/libopencm3_stm32f1.a(usart_common_f124.o)
 .debug_aranges
                0x00000000000006f8       0x68 ./libopencm3//lib/libopencm3_stm32f1.a(rcc_common_all.o)
 .debug_aranges
                0x0000000000000760       0x88 ./libopencm3//lib/libopencm3_stm32f1.a(flash_common_f01.o)
 .debug_aranges
                0x00000000000007e8       0x30 ./libopencm3//lib/libopencm3_stm32f1.a(vector.o)
 .debug_aranges
                0x0000000000000818       0x60 ./libopencm3//lib/libopencm3_stm32f1.a(nvic.o)

.debug_ranges   0x0000000000000000      0x7b8
 .debug_ranges  0x0000000000000000       0x70 ins.o
 .debug_ranges  0x0000000000000070       0x28 ./libopencm3//lib/libopencm3_stm32f1.a(gpio.o)
 .debug_ranges  0x0000000000000098      0x160 ./libopencm3//lib/libopencm3_stm32f1.a(rcc.o)
 .debug_ranges  0x00000000000001f8       0x40 ./libopencm3//lib/libopencm3_stm32f1.a(gpio_common_all.o)
 .debug_ranges  0x0000000000000238       0xf8 ./libopencm3//lib/libopencm3_stm32f1.a(i2c_common_all.o)
 .debug_ranges  0x0000000000000330      0x268 ./libopencm3//lib/libopencm3_stm32f1.a(timer_common_all.o)
 .debug_ranges  0x0000000000000598       0xa8 ./libopencm3//lib/libopencm3_stm32f1.a(usart_common_all.o)
 .debug_ranges  0x0000000000000640       0x38 ./libopencm3//lib/libopencm3_stm32f1.a(usart_common_f124.o)
 .debug_ranges  0x0000000000000678       0x58 ./libopencm3//lib/libopencm3_stm32f1.a(rcc_common_all.o)
 .debug_ranges  0x00000000000006d0       0x78 ./libopencm3//lib/libopencm3_stm32f1.a(flash_common_f01.o)
 .debug_ranges  0x0000000000000748       0x20 ./libopencm3//lib/libopencm3_stm32f1.a(vector.o)
 .debug_ranges  0x0000000000000768       0x50 ./libopencm3//lib/libopencm3_stm32f1.a(nvic.o)

.debug_line     0x0000000000000000     0x2d41
 .debug_line    0x0000000000000000      0x393 ins.o
 .debug_line    0x0000000000000393      0x25d ./libopencm3//lib/libopencm3_stm32f1.a(gpio.o)
 .debug_line    0x00000000000005f0      0x617 ./libopencm3//lib/libopencm3_stm32f1.a(rcc.o)
 .debug_line    0x0000000000000c07      0x281 ./libopencm3//lib/libopencm3_stm32f1.a(gpio_common_all.o)
 .debug_line    0x0000000000000e88      0x447 ./libopencm3//lib/libopencm3_stm32f1.a(i2c_common_all.o)
 .debug_line    0x00000000000012cf      0x93b ./libopencm3//lib/libopencm3_stm32f1.a(timer_common_all.o)
 .debug_line    0x0000000000001c0a      0x3c6 ./libopencm3//lib/libopencm3_stm32f1.a(usart_common_all.o)
 .debug_line    0x0000000000001fd0      0x2cd ./libopencm3//lib/libopencm3_stm32f1.a(usart_common_f124.o)
 .debug_line    0x000000000000229d      0x2ae ./libopencm3//lib/libopencm3_stm32f1.a(rcc_common_all.o)
 .debug_line    0x000000000000254b      0x318 ./libopencm3//lib/libopencm3_stm32f1.a(flash_common_f01.o)
 .debug_line    0x0000000000002863      0x28e ./libopencm3//lib/libopencm3_stm32f1.a(vector.o)
 .debug_line    0x0000000000002af1      0x250 ./libopencm3//lib/libopencm3_stm32f1.a(nvic.o)

.debug_str      0x0000000000000000     0x20be
 .debug_str     0x0000000000000000      0x991 ins.o
                                        0x9f1 (size before relaxing)
 .debug_str     0x0000000000000991       0xbc ./libopencm3//lib/libopencm3_stm32f1.a(gpio.o)
                                        0x16d (size before relaxing)
 .debug_str     0x0000000000000a4d      0x447 ./libopencm3//lib/libopencm3_stm32f1.a(rcc.o)
                                        0x56b (size before relaxing)
 .debug_str     0x0000000000000e94       0x66 ./libopencm3//lib/libopencm3_stm32f1.a(gpio_common_all.o)
                                        0x16b (size before relaxing)
 .debug_str     0x0000000000000efa      0x199 ./libopencm3//lib/libopencm3_stm32f1.a(i2c_common_all.o)
                                        0x56c (size before relaxing)
 .debug_str     0x0000000000001093      0x9c8 ./libopencm3//lib/libopencm3_stm32f1.a(timer_common_all.o)
                                        0xdd3 (size before relaxing)
 .debug_str     0x0000000000001a5b      0x147 ./libopencm3//lib/libopencm3_stm32f1.a(usart_common_all.o)
                                        0x301 (size before relaxing)
 .debug_str     0x0000000000001ba2       0x7d ./libopencm3//lib/libopencm3_stm32f1.a(usart_common_f124.o)
                                        0x17b (size before relaxing)
 .debug_str     0x0000000000001c1f       0xdf ./libopencm3//lib/libopencm3_stm32f1.a(rcc_common_all.o)
                                        0x601 (size before relaxing)
 .debug_str     0x0000000000001cfe      0x157 ./libopencm3//lib/libopencm3_stm32f1.a(flash_common_f01.o)
                                        0x236 (size before relaxing)
 .debug_str     0x0000000000001e55      0x1a5 ./libopencm3//lib/libopencm3_stm32f1.a(vector.o)
                                        0x27a (size before relaxing)
 .debug_str     0x0000000000001ffa       0xc4 ./libopencm3//lib/libopencm3_stm32f1.a(nvic.o)
                                        0x1b7 (size before relaxing)

.comment        0x0000000000000000       0x62
 .comment       0x0000000000000000       0x38 ins.o
                                         0x39 (size before relaxing)
 .comment       0x0000000000000038       0x2a ./libopencm3//lib/libopencm3_stm32f1.a(gpio.o)
                                         0x2b (size before relaxing)
 .comment       0x0000000000000062       0x2b ./libopencm3//lib/libopencm3_stm32f1.a(rcc.o)
 .comment       0x0000000000000062       0x2b ./libopencm3//lib/libopencm3_stm32f1.a(gpio_common_all.o)
 .comment       0x0000000000000062       0x2b ./libopencm3//lib/libopencm3_stm32f1.a(i2c_common_all.o)
 .comment       0x0000000000000062       0x2b ./libopencm3//lib/libopencm3_stm32f1.a(timer_common_all.o)
 .comment       0x0000000000000062       0x2b ./libopencm3//lib/libopencm3_stm32f1.a(usart_common_all.o)
 .comment       0x0000000000000062       0x2b ./libopencm3//lib/libopencm3_stm32f1.a(usart_common_f124.o)
 .comment       0x0000000000000062       0x2b ./libopencm3//lib/libopencm3_stm32f1.a(rcc_common_all.o)
 .comment       0x0000000000000062       0x2b ./libopencm3//lib/libopencm3_stm32f1.a(flash_common_f01.o)
 .comment       0x0000000000000062       0x2b ./libopencm3//lib/libopencm3_stm32f1.a(vector.o)
 .comment       0x0000000000000062       0x2b ./libopencm3//lib/libopencm3_stm32f1.a(nvic.o)

.ARM.attributes
                0x0000000000000000       0x33
 .ARM.attributes
                0x0000000000000000       0x33 ins.o
 .ARM.attributes
                0x0000000000000033       0x31 ./libopencm3//lib/libopencm3_stm32f1.a(gpio.o)
 .ARM.attributes
                0x0000000000000064       0x31 ./libopencm3//lib/libopencm3_stm32f1.a(rcc.o)
 .ARM.attributes
                0x0000000000000095       0x31 ./libopencm3//lib/libopencm3_stm32f1.a(gpio_common_all.o)
 .ARM.attributes
                0x00000000000000c6       0x31 ./libopencm3//lib/libopencm3_stm32f1.a(i2c_common_all.o)
 .ARM.attributes
                0x00000000000000f7       0x31 ./libopencm3//lib/libopencm3_stm32f1.a(timer_common_all.o)
 .ARM.attributes
                0x0000000000000128       0x31 ./libopencm3//lib/libopencm3_stm32f1.a(usart_common_all.o)
 .ARM.attributes
                0x0000000000000159       0x31 ./libopencm3//lib/libopencm3_stm32f1.a(usart_common_f124.o)
 .ARM.attributes
                0x000000000000018a       0x31 ./libopencm3//lib/libopencm3_stm32f1.a(rcc_common_all.o)
 .ARM.attributes
                0x00000000000001bb       0x31 ./libopencm3//lib/libopencm3_stm32f1.a(flash_common_f01.o)
 .ARM.attributes
                0x00000000000001ec       0x31 ./libopencm3//lib/libopencm3_stm32f1.a(vector.o)
 .ARM.attributes
                0x000000000000021d       0x31 ./libopencm3//lib/libopencm3_stm32f1.a(nvic.o)

.debug_frame    0x0000000000000000     0x10e8
 .debug_frame   0x0000000000000000      0x1a8 ins.o
 .debug_frame   0x00000000000001a8       0x64 ./libopencm3//lib/libopencm3_stm32f1.a(gpio.o)
 .debug_frame   0x000000000000020c      0x310 ./libopencm3//lib/libopencm3_stm32f1.a(rcc.o)
 .debug_frame   0x000000000000051c       0x88 ./libopencm3//lib/libopencm3_stm32f1.a(gpio_common_all.o)
 .debug_frame   0x00000000000005a4      0x1f0 ./libopencm3//lib/libopencm3_stm32f1.a(i2c_common_all.o)
 .debug_frame   0x0000000000000794      0x4d8 ./libopencm3//lib/libopencm3_stm32f1.a(timer_common_all.o)
 .debug_frame   0x0000000000000c6c      0x164 ./libopencm3//lib/libopencm3_stm32f1.a(usart_common_all.o)
 .debug_frame   0x0000000000000dd0       0x70 ./libopencm3//lib/libopencm3_stm32f1.a(usart_common_f124.o)
 .debug_frame   0x0000000000000e40       0xb0 ./libopencm3//lib/libopencm3_stm32f1.a(rcc_common_all.o)
 .debug_frame   0x0000000000000ef0      0x118 ./libopencm3//lib/libopencm3_stm32f1.a(flash_common_f01.o)
 .debug_frame   0x0000000000001008       0x40 ./libopencm3//lib/libopencm3_stm32f1.a(vector.o)
 .debug_frame   0x0000000000001048       0xa0 ./libopencm3//lib/libopencm3_stm32f1.a(nvic.o)

.debug_macinfo  0x0000000000000000    0x4a5fd
 .debug_macinfo
                0x0000000000000000     0x7a36 ./libopencm3//lib/libopencm3_stm32f1.a(gpio.o)
 .debug_macinfo
                0x0000000000007a36     0x6cbc ./libopencm3//lib/libopencm3_stm32f1.a(rcc.o)
 .debug_macinfo
                0x000000000000e6f2     0x7a36 ./libopencm3//lib/libopencm3_stm32f1.a(gpio_common_all.o)
 .debug_macinfo
                0x0000000000016128     0x70c8 ./libopencm3//lib/libopencm3_stm32f1.a(i2c_common_all.o)
 .debug_macinfo
                0x000000000001d1f0     0xab41 ./libopencm3//lib/libopencm3_stm32f1.a(timer_common_all.o)
 .debug_macinfo
                0x0000000000027d31     0x7365 ./libopencm3//lib/libopencm3_stm32f1.a(usart_common_all.o)
 .debug_macinfo
                0x000000000002f096     0x7365 ./libopencm3//lib/libopencm3_stm32f1.a(usart_common_f124.o)
 .debug_macinfo
                0x00000000000363fb     0x6413 ./libopencm3//lib/libopencm3_stm32f1.a(rcc_common_all.o)
 .debug_macinfo
                0x000000000003c80e     0x44bd ./libopencm3//lib/libopencm3_stm32f1.a(flash_common_f01.o)
 .debug_macinfo
                0x0000000000040ccb     0x5627 ./libopencm3//lib/libopencm3_stm32f1.a(vector.o)
 .debug_macinfo
                0x00000000000462f2     0x430b ./libopencm3//lib/libopencm3_stm32f1.a(nvic.o)

.debug_pubnames
                0x0000000000000000     0x17f9
 .debug_pubnames
                0x0000000000000000       0x6a ./libopencm3//lib/libopencm3_stm32f1.a(gpio.o)
 .debug_pubnames
                0x000000000000006a      0x4c6 ./libopencm3//lib/libopencm3_stm32f1.a(rcc.o)
 .debug_pubnames
                0x0000000000000530       0x8c ./libopencm3//lib/libopencm3_stm32f1.a(gpio_common_all.o)
 .debug_pubnames
                0x00000000000005bc      0x2eb ./libopencm3//lib/libopencm3_stm32f1.a(i2c_common_all.o)
 .debug_pubnames
                0x00000000000008a7      0x8b7 ./libopencm3//lib/libopencm3_stm32f1.a(timer_common_all.o)
 .debug_pubnames
                0x000000000000115e      0x20c ./libopencm3//lib/libopencm3_stm32f1.a(usart_common_all.o)
 .debug_pubnames
                0x000000000000136a       0x96 ./libopencm3//lib/libopencm3_stm32f1.a(usart_common_f124.o)
 .debug_pubnames
                0x0000000000001400      0x126 ./libopencm3//lib/libopencm3_stm32f1.a(rcc_common_all.o)
 .debug_pubnames
                0x0000000000001526      0x184 ./libopencm3//lib/libopencm3_stm32f1.a(flash_common_f01.o)
 .debug_pubnames
                0x00000000000016aa       0x5b ./libopencm3//lib/libopencm3_stm32f1.a(vector.o)
 .debug_pubnames
                0x0000000000001705       0xf4 ./libopencm3//lib/libopencm3_stm32f1.a(nvic.o)

.debug_pubtypes
                0x0000000000000000      0x2df
 .debug_pubtypes
                0x0000000000000000       0x38 ./libopencm3//lib/libopencm3_stm32f1.a(gpio.o)
 .debug_pubtypes
                0x0000000000000038       0x2b ./libopencm3//lib/libopencm3_stm32f1.a(rcc.o)
 .debug_pubtypes
                0x0000000000000063       0x2c ./libopencm3//lib/libopencm3_stm32f1.a(gpio_common_all.o)
 .debug_pubtypes
                0x000000000000008f       0x4b ./libopencm3//lib/libopencm3_stm32f1.a(i2c_common_all.o)
 .debug_pubtypes
                0x00000000000000da       0xab ./libopencm3//lib/libopencm3_stm32f1.a(timer_common_all.o)
 .debug_pubtypes
                0x0000000000000185       0x2c ./libopencm3//lib/libopencm3_stm32f1.a(usart_common_all.o)
 .debug_pubtypes
                0x00000000000001b1       0x2c ./libopencm3//lib/libopencm3_stm32f1.a(usart_common_f124.o)
 .debug_pubtypes
                0x00000000000001dd       0x47 ./libopencm3//lib/libopencm3_stm32f1.a(rcc_common_all.o)
 .debug_pubtypes
                0x0000000000000224       0x2c ./libopencm3//lib/libopencm3_stm32f1.a(flash_common_f01.o)
 .debug_pubtypes
                0x0000000000000250       0x57 ./libopencm3//lib/libopencm3_stm32f1.a(vector.o)
 .debug_pubtypes
                0x00000000000002a7       0x38 ./libopencm3//lib/libopencm3_stm32f1.a(nvic.o)
